> Task :compileJava UP-TO-DATE
> Task :processResources
> Task :classes
> Task :resolveMainClassName

> Task :bootRun
????????????    ???  ??????   ??????????
????????????    ???  ??????   ???????????
???   ???       ???????????   ???????????
???   ???       ???????????   ???????????
???   ???       ???  ????????????????????
???   ???       ???  ??? ??????? ???????
:: Spring Security :: PostgreSQL :: Java 21 ::

22:36:17 [main] INFO  r.i.i.IthubSpaceApplication - Starting IthubSpaceApplication using Java 21.0.11 with PID 21072 (C:\Users\arnau\IdeaProjects\ithub-space\build\classes\java\main started by arnau in C:\Users\arnau\IdeaProjects\ithub-space)
22:36:17 [main] DEBUG r.i.i.IthubSpaceApplication - Running with Spring Boot v3.5.15, Spring v6.2.19
22:36:17 [main] INFO  r.i.i.IthubSpaceApplication - No active profile set, falling back to 1 default profile: "default"
22:36:20 [main] INFO  o.a.coyote.http11.Http11NioProtocol - Initializing ProtocolHandler ["http-nio-8080"]
22:36:20 [main] INFO  o.a.catalina.core.StandardService - Starting service [Tomcat]
22:36:20 [main] INFO  o.a.catalina.core.StandardEngine - Starting Servlet engine: [Apache Tomcat/10.1.55]
22:36:20 [main] INFO  o.a.c.c.C.[Tomcat].[localhost].[/] - Initializing Spring embedded WebApplicationContext
22:36:21 [main] INFO  com.zaxxer.hikari.HikariDataSource - HikariPool-1 - Starting...
22:36:21 [main] INFO  com.zaxxer.hikari.pool.HikariPool - HikariPool-1 - Added connection org.postgresql.jdbc.PgConnection@749d7c01
22:36:21 [main] INFO  com.zaxxer.hikari.HikariDataSource - HikariPool-1 - Start completed.
Hibernate: set client_min_messages = WARNING
Hibernate: alter table if exists events drop constraint if exists FK7gaujeodsxymr1fs9h0uy4wtq
Hibernate: alter table if exists media drop constraint if exists FKc0iguahvuq0jko67bd9iwv38e
Hibernate: alter table if exists portfolios drop constraint if exists FKt64ibi2r4c3h86f6v4rhuwr3q
Hibernate: drop table if exists buildings cascade
Hibernate: drop table if exists events cascade
Hibernate: drop table if exists faculties cascade
Hibernate: drop table if exists media cascade
Hibernate: drop table if exists partners cascade
Hibernate: drop table if exists portfolios cascade
Hibernate: drop table if exists users cascade
Hibernate: create table buildings (id bigint generated by default as identity, address varchar(255), description TEXT, image_url varchar(255), map_url varchar(255), name varchar(255) not null, primary key (id))
Hibernate: create table events (author_id bigint, event_date timestamp(6), id bigint generated by default as identity, description TEXT, image_url varchar(255), location varchar(255), program TEXT, title varchar(255) not null, primary key (id))
Hibernate: create table faculties (student_count integer, id bigint generated by default as identity, description TEXT, head_name varchar(255), image_url varchar(255), name varchar(255) not null, primary key (id))
Hibernate: create table media (author_id bigint, created_at timestamp(6), id bigint generated by default as identity, description TEXT, thumbnail_url varchar(255), title varchar(255), type varchar(255) check (type in ('PHOTO','VIDEO')), url varchar(255) not null, primary key (id))
Hibernate: create table partners (id bigint generated by default as identity, company_name varchar(255) not null, contact_person varchar(255), description TEXT, email varchar(255), logo_url varchar(255), phone varchar(255), primary key (id))
Hibernate: create table portfolios (id bigint generated by default as identity, student_id bigint, description TEXT, image_url varchar(255), project_url varchar(255), title varchar(255) not null, primary key (id))
Hibernate: create table users (id bigint generated by default as identity, city varchar(255), direction varchar(255), email varchar(255) not null unique, first_name varchar(255) not null, group_name varchar(255), last_name varchar(255) not null, middle_name varchar(255), password varchar(255) not null, role varchar(255) not null check (role in ('ADMIN','STUDENT','TEACHER','APPLICANT','PARTNER')), subject varchar(255), primary key (id))
Hibernate: alter table if exists events add constraint FK7gaujeodsxymr1fs9h0uy4wtq foreign key (author_id) references users
Hibernate: alter table if exists media add constraint FKc0iguahvuq0jko67bd9iwv38e foreign key (author_id) references users
Hibernate: alter table if exists portfolios add constraint FKt64ibi2r4c3h86f6v4rhuwr3q foreign key (student_id) references users
22:36:25 [main] DEBUG r.ithub.ithub_space.config.JwtFilter - Filter 'jwtFilter' configured for use
22:36:26 [main] INFO  o.a.coyote.http11.Http11NioProtocol - Starting ProtocolHandler ["http-nio-8080"]
22:36:26 [main] WARN  o.s.b.w.s.c.AnnotationConfigServletWebServerApplicationContext - Exception encountered during context initialization - cancelling refresh attempt: org.springframework.context.ApplicationContextException: Failed to start bean 'webServerStartStop'
Hibernate: set client_min_messages = WARNING
Hibernate: alter table if exists events drop constraint if exists FK7gaujeodsxymr1fs9h0uy4wtq
Hibernate: alter table if exists media drop constraint if exists FKc0iguahvuq0jko67bd9iwv38e
Hibernate: alter table if exists portfolios drop constraint if exists FKt64ibi2r4c3h86f6v4rhuwr3q
Hibernate: drop table if exists buildings cascade
Hibernate: drop table if exists events cascade
Hibernate: drop table if exists faculties cascade
Hibernate: drop table if exists media cascade
Hibernate: drop table if exists partners cascade
Hibernate: drop table if exists portfolios cascade
Hibernate: drop table if exists users cascade
22:36:26 [main] INFO  com.zaxxer.hikari.HikariDataSource - HikariPool-1 - Shutdown initiated...
22:36:26 [main] INFO  com.zaxxer.hikari.HikariDataSource - HikariPool-1 - Shutdown completed.
22:36:27 [main] ERROR o.s.b.d.LoggingFailureAnalysisReporter - 

***************************
APPLICATION FAILED TO START
***************************

Description:

Web server failed to start. Port 8080 was already in use.

Action:

Identify and stop the process that's listening on port 8080 or configure this application to listen on another port.


> Task :bootRun FAILED
4 actionable tasks: 3 executed, 1 up-to-date
