2026-06-18 10:30:27 [HikariPool-1:housekeeper] WARN  com.zaxxer.hikari.pool.HikariPool - HikariPool-1 - Thread starvation or clock leap detected (housekeeper delta=17h6m29s60ms436µs).
2026-06-18 10:35:08 [main] INFO  r.i.i.IthubSpaceApplication - Starting IthubSpaceApplication using Java 21.0.11 with PID 29304 (C:\Users\arnau\IdeaProjects\ithub-space\build\classes\java\main started by arnau in C:\Users\arnau\IdeaProjects\ithub-space)
2026-06-18 10:35:08 [main] DEBUG r.i.i.IthubSpaceApplication - Running with Spring Boot v3.5.15, Spring v6.2.19
2026-06-18 10:35:08 [main] INFO  r.i.i.IthubSpaceApplication - No active profile set, falling back to 1 default profile: "default"
2026-06-18 10:35:11 [main] INFO  o.a.coyote.http11.Http11NioProtocol - Initializing ProtocolHandler ["http-nio-8080"]
2026-06-18 10:35:11 [main] INFO  o.a.catalina.core.StandardService - Starting service [Tomcat]
2026-06-18 10:35:11 [main] INFO  o.a.catalina.core.StandardEngine - Starting Servlet engine: [Apache Tomcat/10.1.55]
2026-06-18 10:35:12 [main] INFO  o.a.c.c.C.[Tomcat].[localhost].[/] - Initializing Spring embedded WebApplicationContext
2026-06-18 10:35:13 [main] INFO  com.zaxxer.hikari.HikariDataSource - HikariPool-1 - Starting...
2026-06-18 10:35:13 [main] INFO  com.zaxxer.hikari.pool.HikariPool - HikariPool-1 - Added connection org.postgresql.jdbc.PgConnection@504b8705
2026-06-18 10:35:13 [main] INFO  com.zaxxer.hikari.HikariDataSource - HikariPool-1 - Start completed.
2026-06-18 10:35:17 [main] DEBUG r.ithub.ithub_space.config.JwtFilter - Filter 'jwtFilter' configured for use
2026-06-18 10:35:19 [main] INFO  o.a.coyote.http11.Http11NioProtocol - Starting ProtocolHandler ["http-nio-8080"]
2026-06-18 10:35:19 [main] INFO  r.i.i.IthubSpaceApplication - Started IthubSpaceApplication in 12.029 seconds (process running for 12.807)
2026-06-18 10:35:19 [http-nio-8080-exec-1] INFO  o.a.c.c.C.[Tomcat].[localhost].[/] - Initializing Spring DispatcherServlet 'dispatcherServlet'
2026-06-18 10:35:20 [http-nio-8080-exec-2] DEBUG r.i.ithub_space.service.EventService - Получено мероприятий: 5
2026-06-18 10:35:25 [http-nio-8080-exec-8] DEBUG r.i.ithub_space.service.EventService - Получено мероприятий: 5
2026-06-18 10:42:12 [main] INFO  r.i.i.IthubSpaceApplication - Starting IthubSpaceApplication using Java 21.0.11 with PID 15544 (C:\Users\arnau\IdeaProjects\ithub-space\build\classes\java\main started by arnau in C:\Users\arnau\IdeaProjects\ithub-space)
2026-06-18 10:42:12 [main] DEBUG r.i.i.IthubSpaceApplication - Running with Spring Boot v3.5.15, Spring v6.2.19
2026-06-18 10:42:12 [main] INFO  r.i.i.IthubSpaceApplication - No active profile set, falling back to 1 default profile: "default"
2026-06-18 10:42:16 [main] INFO  o.a.coyote.http11.Http11NioProtocol - Initializing ProtocolHandler ["http-nio-8080"]
2026-06-18 10:42:16 [main] INFO  o.a.catalina.core.StandardService - Starting service [Tomcat]
2026-06-18 10:42:16 [main] INFO  o.a.catalina.core.StandardEngine - Starting Servlet engine: [Apache Tomcat/10.1.55]
2026-06-18 10:42:16 [main] INFO  o.a.c.c.C.[Tomcat].[localhost].[/] - Initializing Spring embedded WebApplicationContext
2026-06-18 10:42:17 [main] INFO  com.zaxxer.hikari.HikariDataSource - HikariPool-1 - Starting...
2026-06-18 10:42:18 [main] INFO  com.zaxxer.hikari.pool.HikariPool - HikariPool-1 - Added connection org.postgresql.jdbc.PgConnection@b70fa38
2026-06-18 10:42:18 [main] INFO  com.zaxxer.hikari.HikariDataSource - HikariPool-1 - Start completed.
2026-06-18 10:42:21 [main] DEBUG r.ithub.ithub_space.config.JwtFilter - Filter 'jwtFilter' configured for use
2026-06-18 10:42:23 [main] INFO  o.a.coyote.http11.Http11NioProtocol - Starting ProtocolHandler ["http-nio-8080"]
2026-06-18 10:42:23 [main] INFO  r.i.i.IthubSpaceApplication - Started IthubSpaceApplication in 11.826 seconds (process running for 12.578)
2026-06-18 10:42:28 [http-nio-8080-exec-1] INFO  o.a.c.c.C.[Tomcat].[localhost].[/] - Initializing Spring DispatcherServlet 'dispatcherServlet'
2026-06-18 10:42:29 [http-nio-8080-exec-2] DEBUG r.i.ithub_space.service.EventService - Получено мероприятий: 5
2026-06-18 10:42:42 [http-nio-8080-exec-7] DEBUG r.i.ithub_space.service.EventService - Получено мероприятий: 5
2026-06-18 10:45:56 [main] INFO  r.i.i.IthubSpaceApplication - Starting IthubSpaceApplication using Java 21.0.11 with PID 16604 (C:\Users\arnau\IdeaProjects\ithub-space\build\classes\java\main started by arnau in C:\Users\arnau\IdeaProjects\ithub-space)
2026-06-18 10:45:56 [main] DEBUG r.i.i.IthubSpaceApplication - Running with Spring Boot v3.5.15, Spring v6.2.19
2026-06-18 10:45:56 [main] INFO  r.i.i.IthubSpaceApplication - No active profile set, falling back to 1 default profile: "default"
2026-06-18 10:45:59 [main] INFO  o.a.coyote.http11.Http11NioProtocol - Initializing ProtocolHandler ["http-nio-8080"]
2026-06-18 10:45:59 [main] INFO  o.a.catalina.core.StandardService - Starting service [Tomcat]
2026-06-18 10:45:59 [main] INFO  o.a.catalina.core.StandardEngine - Starting Servlet engine: [Apache Tomcat/10.1.55]
2026-06-18 10:45:59 [main] INFO  o.a.c.c.C.[Tomcat].[localhost].[/] - Initializing Spring embedded WebApplicationContext
2026-06-18 10:46:00 [main] INFO  com.zaxxer.hikari.HikariDataSource - HikariPool-1 - Starting...
2026-06-18 10:46:01 [main] INFO  com.zaxxer.hikari.pool.HikariPool - HikariPool-1 - Added connection org.postgresql.jdbc.PgConnection@2404abe2
2026-06-18 10:46:01 [main] INFO  com.zaxxer.hikari.HikariDataSource - HikariPool-1 - Start completed.
2026-06-18 10:46:05 [main] DEBUG r.ithub.ithub_space.config.JwtFilter - Filter 'jwtFilter' configured for use
2026-06-18 10:46:06 [main] INFO  o.a.coyote.http11.Http11NioProtocol - Starting ProtocolHandler ["http-nio-8080"]
2026-06-18 10:46:06 [main] INFO  r.i.i.IthubSpaceApplication - Started IthubSpaceApplication in 11.293 seconds (process running for 12.0)
2026-06-18 10:46:12 [http-nio-8080-exec-1] INFO  o.a.c.c.C.[Tomcat].[localhost].[/] - Initializing Spring DispatcherServlet 'dispatcherServlet'
2026-06-18 10:46:12 [http-nio-8080-exec-2] DEBUG r.i.ithub_space.service.EventService - Получено мероприятий: 5
2026-06-18 10:46:22 [http-nio-8080-exec-6] DEBUG r.i.ithub_space.service.EventService - Получено мероприятий: 5
2026-06-18 10:46:23 [http-nio-8080-exec-3] DEBUG r.i.ithub_space.service.EventService - Получено мероприятий: 5
2026-06-18 10:47:16 [main] INFO  r.i.i.IthubSpaceApplication - Starting IthubSpaceApplication using Java 21.0.11 with PID 5688 (C:\Users\arnau\IdeaProjects\ithub-space\build\classes\java\main started by arnau in C:\Users\arnau\IdeaProjects\ithub-space)
2026-06-18 10:47:16 [main] DEBUG r.i.i.IthubSpaceApplication - Running with Spring Boot v3.5.15, Spring v6.2.19
2026-06-18 10:47:16 [main] INFO  r.i.i.IthubSpaceApplication - No active profile set, falling back to 1 default profile: "default"
2026-06-18 10:47:20 [main] INFO  o.a.coyote.http11.Http11NioProtocol - Initializing ProtocolHandler ["http-nio-8080"]
2026-06-18 10:47:20 [main] INFO  o.a.catalina.core.StandardService - Starting service [Tomcat]
2026-06-18 10:47:20 [main] INFO  o.a.catalina.core.StandardEngine - Starting Servlet engine: [Apache Tomcat/10.1.55]
2026-06-18 10:47:20 [main] INFO  o.a.c.c.C.[Tomcat].[localhost].[/] - Initializing Spring embedded WebApplicationContext
2026-06-18 10:47:21 [main] INFO  com.zaxxer.hikari.HikariDataSource - HikariPool-1 - Starting...
2026-06-18 10:47:21 [main] INFO  com.zaxxer.hikari.pool.HikariPool - HikariPool-1 - Added connection org.postgresql.jdbc.PgConnection@778c2e7c
2026-06-18 10:47:21 [main] INFO  com.zaxxer.hikari.HikariDataSource - HikariPool-1 - Start completed.
2026-06-18 10:47:25 [main] DEBUG r.ithub.ithub_space.config.JwtFilter - Filter 'jwtFilter' configured for use
2026-06-18 10:47:26 [main] INFO  o.a.coyote.http11.Http11NioProtocol - Starting ProtocolHandler ["http-nio-8080"]
2026-06-18 10:47:26 [main] INFO  r.i.i.IthubSpaceApplication - Started IthubSpaceApplication in 11.149 seconds (process running for 11.857)
2026-06-18 10:47:31 [http-nio-8080-exec-1] INFO  o.a.c.c.C.[Tomcat].[localhost].[/] - Initializing Spring DispatcherServlet 'dispatcherServlet'
2026-06-18 10:47:32 [http-nio-8080-exec-3] DEBUG r.i.ithub_space.service.EventService - Получено мероприятий: 5
2026-06-18 10:52:30 [main] INFO  r.i.i.IthubSpaceApplication - Starting IthubSpaceApplication using Java 21.0.11 with PID 13140 (C:\Users\arnau\IdeaProjects\ithub-space\build\classes\java\main started by arnau in C:\Users\arnau\IdeaProjects\ithub-space)
2026-06-18 10:52:30 [main] DEBUG r.i.i.IthubSpaceApplication - Running with Spring Boot v3.5.15, Spring v6.2.19
2026-06-18 10:52:31 [main] INFO  r.i.i.IthubSpaceApplication - No active profile set, falling back to 1 default profile: "default"
2026-06-18 10:52:34 [main] INFO  o.a.coyote.http11.Http11NioProtocol - Initializing ProtocolHandler ["http-nio-8080"]
2026-06-18 10:52:34 [main] INFO  o.a.catalina.core.StandardService - Starting service [Tomcat]
2026-06-18 10:52:34 [main] INFO  o.a.catalina.core.StandardEngine - Starting Servlet engine: [Apache Tomcat/10.1.55]
2026-06-18 10:52:34 [main] INFO  o.a.c.c.C.[Tomcat].[localhost].[/] - Initializing Spring embedded WebApplicationContext
2026-06-18 10:52:35 [main] INFO  com.zaxxer.hikari.HikariDataSource - HikariPool-1 - Starting...
2026-06-18 10:52:36 [main] INFO  com.zaxxer.hikari.pool.HikariPool - HikariPool-1 - Added connection org.postgresql.jdbc.PgConnection@7ff6804a
2026-06-18 10:52:36 [main] INFO  com.zaxxer.hikari.HikariDataSource - HikariPool-1 - Start completed.
2026-06-18 10:52:40 [main] DEBUG r.ithub.ithub_space.config.JwtFilter - Filter 'jwtFilter' configured for use
2026-06-18 10:52:41 [main] WARN  o.s.b.w.s.c.AnnotationConfigServletWebServerApplicationContext - Exception encountered during context initialization - cancelling refresh attempt: org.springframework.beans.factory.BeanCreationException: Error creating bean with name 'dataSourceScriptDatabaseInitializer' defined in class path resource [org/springframework/boot/autoconfigure/sql/init/DataSourceInitializationConfiguration.class]: Failed to execute SQL script statement #6 of file [C:\Users\arnau\IdeaProjects\ithub-space\build\resources\main\data.sql]: INSERT INTO buildings (name, address, description, map_url, image_url) VALUES ('Главный корпус ДГТУ', 'Ростов-на-Дону, пл. Гагарина, д. 1, корп. 8', 'Основной корпус колледжа IThub на базе ДГТУ. Здесь проходят занятия по направлениям Разработка, Программирование и Кибербезопасность. Компьютерные классы, зоны для командной работы и коворкинга.', 'https://yandex.ru/maps/-/CHrqv5Hn', null), ('Корпус IThub — Бизнес-центр на Текучева', 'Ростов-на-Дону, ул. Текучева, 139/94, 2 этаж', 'Второй корпус колледжа IThub, расположен в бизнес-центре на втором этаже. Здесь проходят занятия по направлениям Цифровой маркетинг, Контент-маркетинг и Бренд-маркетинг.', 'https://yandex.ru/maps/-/CHrqv5H0', null)
2026-06-18 10:52:41 [main] INFO  com.zaxxer.hikari.HikariDataSource - HikariPool-1 - Shutdown initiated...
2026-06-18 10:52:41 [main] INFO  com.zaxxer.hikari.HikariDataSource - HikariPool-1 - Shutdown completed.
2026-06-18 10:52:41 [main] INFO  o.a.catalina.core.StandardService - Stopping service [Tomcat]
2026-06-18 10:52:41 [main] ERROR o.s.boot.SpringApplication - Application run failed
org.springframework.beans.factory.BeanCreationException: Error creating bean with name 'dataSourceScriptDatabaseInitializer' defined in class path resource [org/springframework/boot/autoconfigure/sql/init/DataSourceInitializationConfiguration.class]: Failed to execute SQL script statement #6 of file [C:\Users\arnau\IdeaProjects\ithub-space\build\resources\main\data.sql]: INSERT INTO buildings (name, address, description, map_url, image_url) VALUES ('Главный корпус ДГТУ', 'Ростов-на-Дону, пл. Гагарина, д. 1, корп. 8', 'Основной корпус колледжа IThub на базе ДГТУ. Здесь проходят занятия по направлениям Разработка, Программирование и Кибербезопасность. Компьютерные классы, зоны для командной работы и коворкинга.', 'https://yandex.ru/maps/-/CHrqv5Hn', null), ('Корпус IThub — Бизнес-центр на Текучева', 'Ростов-на-Дону, ул. Текучева, 139/94, 2 этаж', 'Второй корпус колледжа IThub, расположен в бизнес-центре на втором этаже. Здесь проходят занятия по направлениям Цифровой маркетинг, Контент-маркетинг и Бренд-маркетинг.', 'https://yandex.ru/maps/-/CHrqv5H0', null)
	at org.springframework.beans.factory.support.AbstractAutowireCapableBeanFactory.initializeBean(AbstractAutowireCapableBeanFactory.java:1824)
	at org.springframework.beans.factory.support.AbstractAutowireCapableBeanFactory.doCreateBean(AbstractAutowireCapableBeanFactory.java:607)
	at org.springframework.beans.factory.support.AbstractAutowireCapableBeanFactory.createBean(AbstractAutowireCapableBeanFactory.java:529)
	at org.springframework.beans.factory.support.AbstractBeanFactory.lambda$doGetBean$0(AbstractBeanFactory.java:339)
	at org.springframework.beans.factory.support.DefaultSingletonBeanRegistry.getSingleton(DefaultSingletonBeanRegistry.java:373)
	at org.springframework.beans.factory.support.AbstractBeanFactory.doGetBean(AbstractBeanFactory.java:337)
	at org.springframework.beans.factory.support.AbstractBeanFactory.getBean(AbstractBeanFactory.java:202)
	at org.springframework.beans.factory.support.AbstractBeanFactory.doGetBean(AbstractBeanFactory.java:315)
	at org.springframework.beans.factory.support.AbstractBeanFactory.getBean(AbstractBeanFactory.java:202)
	at org.springframework.beans.factory.support.DefaultListableBeanFactory.instantiateSingleton(DefaultListableBeanFactory.java:1235)
	at org.springframework.beans.factory.support.DefaultListableBeanFactory.preInstantiateSingleton(DefaultListableBeanFactory.java:1201)
	at org.springframework.beans.factory.support.DefaultListableBeanFactory.preInstantiateSingletons(DefaultListableBeanFactory.java:1130)
	at org.springframework.context.support.AbstractApplicationContext.finishBeanFactoryInitialization(AbstractApplicationContext.java:991)
	at org.springframework.context.support.AbstractApplicationContext.refresh(AbstractApplicationContext.java:628)
	at org.springframework.boot.web.servlet.context.ServletWebServerApplicationContext.refresh(ServletWebServerApplicationContext.java:146)
	at org.springframework.boot.SpringApplication.refresh(SpringApplication.java:752)
	at org.springframework.boot.SpringApplication.refreshContext(SpringApplication.java:439)
	at org.springframework.boot.SpringApplication.run(SpringApplication.java:318)
	at org.springframework.boot.SpringApplication.run(SpringApplication.java:1361)
	at org.springframework.boot.SpringApplication.run(SpringApplication.java:1350)
	at ru.ithub.ithub_space.IthubSpaceApplication.main(IthubSpaceApplication.java:10)
Caused by: org.springframework.jdbc.datasource.init.ScriptStatementFailedException: Failed to execute SQL script statement #6 of file [C:\Users\arnau\IdeaProjects\ithub-space\build\resources\main\data.sql]: INSERT INTO buildings (name, address, description, map_url, image_url) VALUES ('Главный корпус ДГТУ', 'Ростов-на-Дону, пл. Гагарина, д. 1, корп. 8', 'Основной корпус колледжа IThub на базе ДГТУ. Здесь проходят занятия по направлениям Разработка, Программирование и Кибербезопасность. Компьютерные классы, зоны для командной работы и коворкинга.', 'https://yandex.ru/maps/-/CHrqv5Hn', null), ('Корпус IThub — Бизнес-центр на Текучева', 'Ростов-на-Дону, ул. Текучева, 139/94, 2 этаж', 'Второй корпус колледжа IThub, расположен в бизнес-центре на втором этаже. Здесь проходят занятия по направлениям Цифровой маркетинг, Контент-маркетинг и Бренд-маркетинг.', 'https://yandex.ru/maps/-/CHrqv5H0', null)
	at org.springframework.jdbc.datasource.init.ScriptUtils.executeSqlScript(ScriptUtils.java:293)
	at org.springframework.jdbc.datasource.init.ResourceDatabasePopulator.populate(ResourceDatabasePopulator.java:254)
	at org.springframework.jdbc.datasource.init.DatabasePopulatorUtils.execute(DatabasePopulatorUtils.java:54)
	at org.springframework.boot.jdbc.init.DataSourceScriptDatabaseInitializer.runScripts(DataSourceScriptDatabaseInitializer.java:87)
	at org.springframework.boot.sql.init.AbstractScriptDatabaseInitializer.runScripts(AbstractScriptDatabaseInitializer.java:146)
	at org.springframework.boot.sql.init.AbstractScriptDatabaseInitializer.applyScripts(AbstractScriptDatabaseInitializer.java:108)
	at org.springframework.boot.sql.init.AbstractScriptDatabaseInitializer.applyDataScripts(AbstractScriptDatabaseInitializer.java:102)
	at org.springframework.boot.sql.init.AbstractScriptDatabaseInitializer.initializeDatabase(AbstractScriptDatabaseInitializer.java:77)
	at org.springframework.boot.sql.init.AbstractScriptDatabaseInitializer.afterPropertiesSet(AbstractScriptDatabaseInitializer.java:66)
	at org.springframework.beans.factory.support.AbstractAutowireCapableBeanFactory.invokeInitMethods(AbstractAutowireCapableBeanFactory.java:1871)
	at org.springframework.beans.factory.support.AbstractAutowireCapableBeanFactory.initializeBean(AbstractAutowireCapableBeanFactory.java:1820)
	... 20 common frames omitted
Caused by: org.postgresql.util.PSQLException: ERROR: relation "buildings" does not exist
  Позиция: 13
	at org.postgresql.core.v3.QueryExecutorImpl.receiveErrorResponse(QueryExecutorImpl.java:2904)
	at org.postgresql.core.v3.QueryExecutorImpl.processResults(QueryExecutorImpl.java:2589)
	at org.postgresql.core.v3.QueryExecutorImpl.execute(QueryExecutorImpl.java:431)
	at org.postgresql.jdbc.PgStatement.executeInternal(PgStatement.java:534)
	at org.postgresql.jdbc.PgStatement.execute(PgStatement.java:437)
	at org.postgresql.jdbc.PgStatement.executeWithFlags(PgStatement.java:359)
	at org.postgresql.jdbc.PgStatement.executeCachedSql(PgStatement.java:344)
	at org.postgresql.jdbc.PgStatement.executeWithFlags(PgStatement.java:320)
	at org.postgresql.jdbc.PgStatement.execute(PgStatement.java:315)
	at com.zaxxer.hikari.pool.ProxyStatement.execute(ProxyStatement.java:95)
	at com.zaxxer.hikari.pool.HikariProxyStatement.execute(HikariProxyStatement.java)
	at org.springframework.jdbc.datasource.init.ScriptUtils.executeSqlScript(ScriptUtils.java:261)
	... 30 common frames omitted
2026-06-18 10:55:38 [main] INFO  r.i.i.IthubSpaceApplication - Starting IthubSpaceApplication using Java 21.0.11 with PID 13796 (C:\Users\arnau\IdeaProjects\ithub-space\build\classes\java\main started by arnau in C:\Users\arnau\IdeaProjects\ithub-space)
2026-06-18 10:55:38 [main] DEBUG r.i.i.IthubSpaceApplication - Running with Spring Boot v3.5.15, Spring v6.2.19
2026-06-18 10:55:38 [main] INFO  r.i.i.IthubSpaceApplication - No active profile set, falling back to 1 default profile: "default"
2026-06-18 10:55:41 [main] INFO  o.a.coyote.http11.Http11NioProtocol - Initializing ProtocolHandler ["http-nio-8080"]
2026-06-18 10:55:41 [main] INFO  o.a.catalina.core.StandardService - Starting service [Tomcat]
2026-06-18 10:55:41 [main] INFO  o.a.catalina.core.StandardEngine - Starting Servlet engine: [Apache Tomcat/10.1.55]
2026-06-18 10:55:41 [main] INFO  o.a.c.c.C.[Tomcat].[localhost].[/] - Initializing Spring embedded WebApplicationContext
2026-06-18 10:55:42 [main] INFO  com.zaxxer.hikari.HikariDataSource - HikariPool-1 - Starting...
2026-06-18 10:55:43 [main] INFO  com.zaxxer.hikari.pool.HikariPool - HikariPool-1 - Added connection org.postgresql.jdbc.PgConnection@175f859e
2026-06-18 10:55:43 [main] INFO  com.zaxxer.hikari.HikariDataSource - HikariPool-1 - Start completed.
2026-06-18 10:55:46 [main] DEBUG r.ithub.ithub_space.config.JwtFilter - Filter 'jwtFilter' configured for use
2026-06-18 10:55:47 [main] INFO  o.a.coyote.http11.Http11NioProtocol - Starting ProtocolHandler ["http-nio-8080"]
2026-06-18 10:55:47 [main] INFO  r.i.i.IthubSpaceApplication - Started IthubSpaceApplication in 10.46 seconds (process running for 12.491)
2026-06-18 10:56:11 [http-nio-8080-exec-1] INFO  o.a.c.c.C.[Tomcat].[localhost].[/] - Initializing Spring DispatcherServlet 'dispatcherServlet'
2026-06-18 10:56:12 [http-nio-8080-exec-2] DEBUG r.i.ithub_space.service.EventService - Получено мероприятий: 5
2026-06-18 11:19:35 [main] INFO  r.i.i.IthubSpaceApplication - Starting IthubSpaceApplication using Java 21.0.11 with PID 17940 (C:\Users\arnau\IdeaProjects\ithub-space\build\classes\java\main started by arnau in C:\Users\arnau\IdeaProjects\ithub-space)
2026-06-18 11:19:35 [main] DEBUG r.i.i.IthubSpaceApplication - Running with Spring Boot v3.5.15, Spring v6.2.19
2026-06-18 11:19:35 [main] INFO  r.i.i.IthubSpaceApplication - No active profile set, falling back to 1 default profile: "default"
2026-06-18 11:19:39 [main] INFO  o.a.coyote.http11.Http11NioProtocol - Initializing ProtocolHandler ["http-nio-8080"]
2026-06-18 11:19:39 [main] INFO  o.a.catalina.core.StandardService - Starting service [Tomcat]
2026-06-18 11:19:39 [main] INFO  o.a.catalina.core.StandardEngine - Starting Servlet engine: [Apache Tomcat/10.1.55]
2026-06-18 11:19:39 [main] INFO  o.a.c.c.C.[Tomcat].[localhost].[/] - Initializing Spring embedded WebApplicationContext
2026-06-18 11:19:40 [main] INFO  com.zaxxer.hikari.HikariDataSource - HikariPool-1 - Starting...
2026-06-18 11:19:40 [main] INFO  com.zaxxer.hikari.pool.HikariPool - HikariPool-1 - Added connection org.postgresql.jdbc.PgConnection@1f7336b2
2026-06-18 11:19:40 [main] INFO  com.zaxxer.hikari.HikariDataSource - HikariPool-1 - Start completed.
2026-06-18 11:19:44 [main] DEBUG r.ithub.ithub_space.config.JwtFilter - Filter 'jwtFilter' configured for use
2026-06-18 11:19:46 [main] INFO  o.a.coyote.http11.Http11NioProtocol - Starting ProtocolHandler ["http-nio-8080"]
2026-06-18 11:19:46 [main] INFO  r.i.i.IthubSpaceApplication - Started IthubSpaceApplication in 12.669 seconds (process running for 13.559)
2026-06-18 11:19:59 [http-nio-8080-exec-2] INFO  o.a.c.c.C.[Tomcat].[localhost].[/] - Initializing Spring DispatcherServlet 'dispatcherServlet'
2026-06-18 11:19:59 [http-nio-8080-exec-1] DEBUG r.i.ithub_space.service.EventService - Получено мероприятий: 5
2026-06-18 11:24:06 [main] INFO  r.i.i.IthubSpaceApplication - Starting IthubSpaceApplication using Java 21.0.11 with PID 23160 (C:\Users\arnau\IdeaProjects\ithub-space\build\classes\java\main started by arnau in C:\Users\arnau\IdeaProjects\ithub-space)
2026-06-18 11:24:06 [main] DEBUG r.i.i.IthubSpaceApplication - Running with Spring Boot v3.5.15, Spring v6.2.19
2026-06-18 11:24:06 [main] INFO  r.i.i.IthubSpaceApplication - No active profile set, falling back to 1 default profile: "default"
2026-06-18 11:24:09 [main] INFO  o.a.coyote.http11.Http11NioProtocol - Initializing ProtocolHandler ["http-nio-8080"]
2026-06-18 11:24:09 [main] INFO  o.a.catalina.core.StandardService - Starting service [Tomcat]
2026-06-18 11:24:09 [main] INFO  o.a.catalina.core.StandardEngine - Starting Servlet engine: [Apache Tomcat/10.1.55]
2026-06-18 11:24:09 [main] INFO  o.a.c.c.C.[Tomcat].[localhost].[/] - Initializing Spring embedded WebApplicationContext
2026-06-18 11:24:10 [main] INFO  com.zaxxer.hikari.HikariDataSource - HikariPool-1 - Starting...
2026-06-18 11:24:11 [main] INFO  com.zaxxer.hikari.pool.HikariPool - HikariPool-1 - Added connection org.postgresql.jdbc.PgConnection@504b8705
2026-06-18 11:24:11 [main] INFO  com.zaxxer.hikari.HikariDataSource - HikariPool-1 - Start completed.
2026-06-18 11:24:14 [main] DEBUG r.ithub.ithub_space.config.JwtFilter - Filter 'jwtFilter' configured for use
2026-06-18 11:24:16 [main] INFO  o.a.coyote.http11.Http11NioProtocol - Starting ProtocolHandler ["http-nio-8080"]
2026-06-18 11:24:16 [main] INFO  r.i.i.IthubSpaceApplication - Started IthubSpaceApplication in 11.032 seconds (process running for 11.728)
2026-06-18 11:24:29 [http-nio-8080-exec-1] INFO  o.a.c.c.C.[Tomcat].[localhost].[/] - Initializing Spring DispatcherServlet 'dispatcherServlet'
2026-06-18 11:24:30 [http-nio-8080-exec-2] DEBUG r.i.ithub_space.service.EventService - Получено мероприятий: 5
2026-06-18 11:42:15 [HikariPool-1:housekeeper] WARN  com.zaxxer.hikari.pool.HikariPool - HikariPool-1 - Thread starvation or clock leap detected (housekeeper delta=16m4s402ms665µs700ns).
2026-06-18 11:45:05 [main] INFO  r.i.i.IthubSpaceApplication - Starting IthubSpaceApplication using Java 21.0.11 with PID 12884 (C:\Users\arnau\IdeaProjects\ithub-space\build\classes\java\main started by arnau in C:\Users\arnau\IdeaProjects\ithub-space)
2026-06-18 11:45:05 [main] DEBUG r.i.i.IthubSpaceApplication - Running with Spring Boot v3.5.15, Spring v6.2.19
2026-06-18 11:45:05 [main] INFO  r.i.i.IthubSpaceApplication - No active profile set, falling back to 1 default profile: "default"
2026-06-18 11:45:08 [main] INFO  o.a.coyote.http11.Http11NioProtocol - Initializing ProtocolHandler ["http-nio-8080"]
2026-06-18 11:45:08 [main] INFO  o.a.catalina.core.StandardService - Starting service [Tomcat]
2026-06-18 11:45:08 [main] INFO  o.a.catalina.core.StandardEngine - Starting Servlet engine: [Apache Tomcat/10.1.55]
2026-06-18 11:45:08 [main] INFO  o.a.c.c.C.[Tomcat].[localhost].[/] - Initializing Spring embedded WebApplicationContext
2026-06-18 11:45:09 [main] INFO  com.zaxxer.hikari.HikariDataSource - HikariPool-1 - Starting...
2026-06-18 11:45:10 [main] INFO  com.zaxxer.hikari.pool.HikariPool - HikariPool-1 - Added connection org.postgresql.jdbc.PgConnection@1f7336b2
2026-06-18 11:45:10 [main] INFO  com.zaxxer.hikari.HikariDataSource - HikariPool-1 - Start completed.
2026-06-18 11:45:13 [main] DEBUG r.ithub.ithub_space.config.JwtFilter - Filter 'jwtFilter' configured for use
2026-06-18 11:45:15 [main] INFO  o.a.coyote.http11.Http11NioProtocol - Starting ProtocolHandler ["http-nio-8080"]
2026-06-18 11:45:15 [main] INFO  r.i.i.IthubSpaceApplication - Started IthubSpaceApplication in 11.768 seconds (process running for 12.491)
2026-06-18 11:45:25 [http-nio-8080-exec-1] INFO  o.a.c.c.C.[Tomcat].[localhost].[/] - Initializing Spring DispatcherServlet 'dispatcherServlet'
2026-06-18 11:45:26 [http-nio-8080-exec-2] DEBUG r.i.ithub_space.service.EventService - Получено мероприятий: 5
2026-06-18 11:50:59 [main] INFO  r.i.i.IthubSpaceApplication - Starting IthubSpaceApplication using Java 21.0.11 with PID 27300 (C:\Users\arnau\IdeaProjects\ithub-space\build\classes\java\main started by arnau in C:\Users\arnau\IdeaProjects\ithub-space)
2026-06-18 11:50:59 [main] DEBUG r.i.i.IthubSpaceApplication - Running with Spring Boot v3.5.15, Spring v6.2.19
2026-06-18 11:50:59 [main] INFO  r.i.i.IthubSpaceApplication - No active profile set, falling back to 1 default profile: "default"
2026-06-18 11:51:03 [main] INFO  o.a.coyote.http11.Http11NioProtocol - Initializing ProtocolHandler ["http-nio-8080"]
2026-06-18 11:51:03 [main] INFO  o.a.catalina.core.StandardService - Starting service [Tomcat]
2026-06-18 11:51:03 [main] INFO  o.a.catalina.core.StandardEngine - Starting Servlet engine: [Apache Tomcat/10.1.55]
2026-06-18 11:51:04 [main] INFO  o.a.c.c.C.[Tomcat].[localhost].[/] - Initializing Spring embedded WebApplicationContext
2026-06-18 11:51:05 [main] INFO  com.zaxxer.hikari.HikariDataSource - HikariPool-1 - Starting...
2026-06-18 11:51:06 [main] INFO  com.zaxxer.hikari.pool.HikariPool - HikariPool-1 - Added connection org.postgresql.jdbc.PgConnection@69fe7090
2026-06-18 11:51:06 [main] INFO  com.zaxxer.hikari.HikariDataSource - HikariPool-1 - Start completed.
2026-06-18 11:51:10 [main] DEBUG r.ithub.ithub_space.config.JwtFilter - Filter 'jwtFilter' configured for use
2026-06-18 11:51:12 [main] INFO  o.a.coyote.http11.Http11NioProtocol - Starting ProtocolHandler ["http-nio-8080"]
2026-06-18 11:51:12 [main] INFO  r.i.i.IthubSpaceApplication - Started IthubSpaceApplication in 14.623 seconds (process running for 15.377)
2026-06-18 11:51:21 [http-nio-8080-exec-1] INFO  o.a.c.c.C.[Tomcat].[localhost].[/] - Initializing Spring DispatcherServlet 'dispatcherServlet'
2026-06-18 11:51:22 [http-nio-8080-exec-2] DEBUG r.i.ithub_space.service.EventService - Получено мероприятий: 5
2026-06-18 11:52:27 [http-nio-8080-exec-3] DEBUG r.i.ithub_space.service.EventService - Получено мероприятий: 5
2026-06-18 11:53:23 [main] INFO  r.i.i.IthubSpaceApplication - Starting IthubSpaceApplication using Java 21.0.11 with PID 23788 (C:\Users\arnau\IdeaProjects\ithub-space\build\classes\java\main started by arnau in C:\Users\arnau\IdeaProjects\ithub-space)
2026-06-18 11:53:23 [main] DEBUG r.i.i.IthubSpaceApplication - Running with Spring Boot v3.5.15, Spring v6.2.19
2026-06-18 11:53:23 [main] INFO  r.i.i.IthubSpaceApplication - No active profile set, falling back to 1 default profile: "default"
2026-06-18 11:53:26 [main] INFO  o.a.coyote.http11.Http11NioProtocol - Initializing ProtocolHandler ["http-nio-8080"]
2026-06-18 11:53:26 [main] INFO  o.a.catalina.core.StandardService - Starting service [Tomcat]
2026-06-18 11:53:26 [main] INFO  o.a.catalina.core.StandardEngine - Starting Servlet engine: [Apache Tomcat/10.1.55]
2026-06-18 11:53:27 [main] INFO  o.a.c.c.C.[Tomcat].[localhost].[/] - Initializing Spring embedded WebApplicationContext
2026-06-18 11:53:28 [main] INFO  com.zaxxer.hikari.HikariDataSource - HikariPool-1 - Starting...
2026-06-18 11:53:28 [main] INFO  com.zaxxer.hikari.pool.HikariPool - HikariPool-1 - Added connection org.postgresql.jdbc.PgConnection@24a8e40d
2026-06-18 11:53:28 [main] INFO  com.zaxxer.hikari.HikariDataSource - HikariPool-1 - Start completed.
2026-06-18 11:53:32 [main] DEBUG r.ithub.ithub_space.config.JwtFilter - Filter 'jwtFilter' configured for use
2026-06-18 11:53:33 [main] INFO  o.a.coyote.http11.Http11NioProtocol - Starting ProtocolHandler ["http-nio-8080"]
2026-06-18 11:53:33 [main] INFO  r.i.i.IthubSpaceApplication - Started IthubSpaceApplication in 11.654 seconds (process running for 12.515)
2026-06-18 11:54:23 [http-nio-8080-exec-1] INFO  o.a.c.c.C.[Tomcat].[localhost].[/] - Initializing Spring DispatcherServlet 'dispatcherServlet'
2026-06-18 11:57:29 [main] INFO  r.i.i.IthubSpaceApplication - Starting IthubSpaceApplication using Java 21.0.11 with PID 660 (C:\Users\arnau\IdeaProjects\ithub-space\build\classes\java\main started by arnau in C:\Users\arnau\IdeaProjects\ithub-space)
2026-06-18 11:57:29 [main] DEBUG r.i.i.IthubSpaceApplication - Running with Spring Boot v3.5.15, Spring v6.2.19
2026-06-18 11:57:29 [main] INFO  r.i.i.IthubSpaceApplication - No active profile set, falling back to 1 default profile: "default"
2026-06-18 11:57:33 [main] INFO  o.a.coyote.http11.Http11NioProtocol - Initializing ProtocolHandler ["http-nio-8080"]
2026-06-18 11:57:33 [main] INFO  o.a.catalina.core.StandardService - Starting service [Tomcat]
2026-06-18 11:57:33 [main] INFO  o.a.catalina.core.StandardEngine - Starting Servlet engine: [Apache Tomcat/10.1.55]
2026-06-18 11:57:33 [main] INFO  o.a.c.c.C.[Tomcat].[localhost].[/] - Initializing Spring embedded WebApplicationContext
2026-06-18 11:57:35 [main] INFO  com.zaxxer.hikari.HikariDataSource - HikariPool-1 - Starting...
2026-06-18 11:57:35 [main] INFO  com.zaxxer.hikari.pool.HikariPool - HikariPool-1 - Added connection org.postgresql.jdbc.PgConnection@10745a02
2026-06-18 11:57:35 [main] INFO  com.zaxxer.hikari.HikariDataSource - HikariPool-1 - Start completed.
2026-06-18 11:57:38 [main] DEBUG r.ithub.ithub_space.config.JwtFilter - Filter 'jwtFilter' configured for use
2026-06-18 11:57:40 [main] INFO  o.a.coyote.http11.Http11NioProtocol - Starting ProtocolHandler ["http-nio-8080"]
2026-06-18 11:57:40 [main] INFO  r.i.i.IthubSpaceApplication - Started IthubSpaceApplication in 11.915 seconds (process running for 12.774)
2026-06-18 11:57:52 [http-nio-8080-exec-1] INFO  o.a.c.c.C.[Tomcat].[localhost].[/] - Initializing Spring DispatcherServlet 'dispatcherServlet'
2026-06-18 11:57:53 [http-nio-8080-exec-2] DEBUG r.i.ithub_space.service.EventService - Получено мероприятий: 5
2026-06-18 12:01:33 [http-nio-8080-exec-8] DEBUG r.i.ithub_space.service.EventService - Получено мероприятий: 5
2026-06-18 12:01:34 [http-nio-8080-exec-9] DEBUG r.i.ithub_space.service.EventService - Получено мероприятий: 5
