2026-06-17 11:22:34 [main] INFO  r.i.i.IthubSpaceApplication - Starting IthubSpaceApplication using Java 21.0.11 with PID 19900 (C:\Users\arnau\IdeaProjects\ithub-space\build\classes\java\main started by arnau in C:\Users\arnau\IdeaProjects\ithub-space)
2026-06-17 11:22:34 [main] DEBUG r.i.i.IthubSpaceApplication - Running with Spring Boot v3.5.15, Spring v6.2.19
2026-06-17 11:22:34 [main] INFO  r.i.i.IthubSpaceApplication - No active profile set, falling back to 1 default profile: "default"
2026-06-17 11:22:37 [main] INFO  o.a.coyote.http11.Http11NioProtocol - Initializing ProtocolHandler ["http-nio-8080"]
2026-06-17 11:22:37 [main] INFO  o.a.catalina.core.StandardService - Starting service [Tomcat]
2026-06-17 11:22:37 [main] INFO  o.a.catalina.core.StandardEngine - Starting Servlet engine: [Apache Tomcat/10.1.55]
2026-06-17 11:22:37 [main] INFO  o.a.c.c.C.[Tomcat].[localhost].[/] - Initializing Spring embedded WebApplicationContext
2026-06-17 11:22:38 [main] INFO  com.zaxxer.hikari.HikariDataSource - HikariPool-1 - Starting...
2026-06-17 11:22:39 [main] INFO  com.zaxxer.hikari.pool.HikariPool - HikariPool-1 - Added connection org.postgresql.jdbc.PgConnection@175f859e
2026-06-17 11:22:39 [main] INFO  com.zaxxer.hikari.HikariDataSource - HikariPool-1 - Start completed.
2026-06-17 11:22:42 [main] DEBUG r.ithub.ithub_space.config.JwtFilter - Filter 'jwtFilter' configured for use
2026-06-17 11:22:43 [main] INFO  o.a.coyote.http11.Http11NioProtocol - Starting ProtocolHandler ["http-nio-8080"]
2026-06-17 11:22:44 [main] INFO  r.i.i.IthubSpaceApplication - Started IthubSpaceApplication in 11.349 seconds (process running for 12.193)
2026-06-17 11:22:59 [http-nio-8080-exec-1] INFO  o.a.c.c.C.[Tomcat].[localhost].[/] - Initializing Spring DispatcherServlet 'dispatcherServlet'
2026-06-17 11:23:25 [http-nio-8080-exec-3] INFO  r.i.i.controller.AuthController - Попытка входа: admin@ithub.ru
2026-06-17 11:23:25 [http-nio-8080-exec-3] DEBUG r.i.ithub_space.service.UserService - Поиск пользователя по email: admin@ithub.ru
2026-06-17 11:23:26 [http-nio-8080-exec-3] WARN  r.i.ithub_space.service.UserService - Пользователь не найден: admin@ithub.ru
2026-06-17 11:23:26 [http-nio-8080-exec-3] ERROR o.a.c.c.C.[.[.[.[dispatcherServlet] - Servlet.service() for servlet [dispatcherServlet] in context with path [] threw exception [Request processing failed: java.lang.RuntimeException: Пользователь не найден] with root cause
java.lang.RuntimeException: Пользователь не найден
	at ru.ithub.ithub_space.service.UserService.lambda$findByEmail$1(UserService.java:69)
	at java.base/java.util.Optional.orElseThrow(Optional.java:403)
	at ru.ithub.ithub_space.service.UserService.findByEmail(UserService.java:67)
	at ru.ithub.ithub_space.controller.AuthController.login(AuthController.java:41)
	at java.base/jdk.internal.reflect.DirectMethodHandleAccessor.invoke(DirectMethodHandleAccessor.java:103)
	at java.base/java.lang.reflect.Method.invoke(Method.java:580)
	at org.springframework.web.method.support.InvocableHandlerMethod.doInvoke(InvocableHandlerMethod.java:258)
	at org.springframework.web.method.support.InvocableHandlerMethod.invokeForRequest(InvocableHandlerMethod.java:191)
	at org.springframework.web.servlet.mvc.method.annotation.ServletInvocableHandlerMethod.invokeAndHandle(ServletInvocableHandlerMethod.java:118)
	at org.springframework.web.servlet.mvc.method.annotation.RequestMappingHandlerAdapter.invokeHandlerMethod(RequestMappingHandlerAdapter.java:991)
	at org.springframework.web.servlet.mvc.method.annotation.RequestMappingHandlerAdapter.handleInternal(RequestMappingHandlerAdapter.java:896)
	at org.springframework.web.servlet.mvc.method.AbstractHandlerMethodAdapter.handle(AbstractHandlerMethodAdapter.java:87)
	at org.springframework.web.servlet.DispatcherServlet.doDispatch(DispatcherServlet.java:1089)
	at org.springframework.web.servlet.DispatcherServlet.doService(DispatcherServlet.java:979)
	at org.springframework.web.servlet.FrameworkServlet.processRequest(FrameworkServlet.java:1014)
	at org.springframework.web.servlet.FrameworkServlet.doPost(FrameworkServlet.java:914)
	at jakarta.servlet.http.HttpServlet.service(HttpServlet.java:590)
	at org.springframework.web.servlet.FrameworkServlet.service(FrameworkServlet.java:885)
	at jakarta.servlet.http.HttpServlet.service(HttpServlet.java:658)
	at org.apache.catalina.core.ApplicationFilterChain.internalDoFilter(ApplicationFilterChain.java:193)
	at org.apache.catalina.core.ApplicationFilterChain.doFilter(ApplicationFilterChain.java:138)
	at org.apache.tomcat.websocket.server.WsFilter.doFilter(WsFilter.java:51)
	at org.apache.catalina.core.ApplicationFilterChain.internalDoFilter(ApplicationFilterChain.java:162)
	at org.apache.catalina.core.ApplicationFilterChain.doFilter(ApplicationFilterChain.java:138)
	at org.springframework.web.filter.OncePerRequestFilter.doFilter(OncePerRequestFilter.java:110)
	at org.apache.catalina.core.ApplicationFilterChain.internalDoFilter(ApplicationFilterChain.java:162)
	at org.apache.catalina.core.ApplicationFilterChain.doFilter(ApplicationFilterChain.java:138)
	at org.springframework.web.filter.CompositeFilter$VirtualFilterChain.doFilter(CompositeFilter.java:108)
	at org.springframework.web.filter.CompositeFilter$VirtualFilterChain.doFilter(CompositeFilter.java:108)
	at org.springframework.security.web.FilterChainProxy.lambda$doFilterInternal$3(FilterChainProxy.java:231)
	at org.springframework.security.web.FilterChainProxy$VirtualFilterChain.doFilter(FilterChainProxy.java:370)
	at org.springframework.security.web.access.intercept.AuthorizationFilter.doFilter(AuthorizationFilter.java:101)
	at org.springframework.security.web.FilterChainProxy$VirtualFilterChain.doFilter(FilterChainProxy.java:379)
	at org.springframework.security.web.access.ExceptionTranslationFilter.doFilter(ExceptionTranslationFilter.java:125)
	at org.springframework.security.web.access.ExceptionTranslationFilter.doFilter(ExceptionTranslationFilter.java:119)
	at org.springframework.security.web.FilterChainProxy$VirtualFilterChain.doFilter(FilterChainProxy.java:379)
	at org.springframework.security.web.session.SessionManagementFilter.doFilter(SessionManagementFilter.java:131)
	at org.springframework.security.web.session.SessionManagementFilter.doFilter(SessionManagementFilter.java:85)
	at org.springframework.security.web.FilterChainProxy$VirtualFilterChain.doFilter(FilterChainProxy.java:379)
	at org.springframework.security.web.authentication.AnonymousAuthenticationFilter.doFilter(AnonymousAuthenticationFilter.java:100)
	at org.springframework.security.web.FilterChainProxy$VirtualFilterChain.doFilter(FilterChainProxy.java:379)
	at org.springframework.security.web.servletapi.SecurityContextHolderAwareRequestFilter.doFilter(SecurityContextHolderAwareRequestFilter.java:179)
	at org.springframework.security.web.FilterChainProxy$VirtualFilterChain.doFilter(FilterChainProxy.java:379)
	at org.springframework.security.web.savedrequest.RequestCacheAwareFilter.doFilter(RequestCacheAwareFilter.java:63)
	at org.springframework.security.web.FilterChainProxy$VirtualFilterChain.doFilter(FilterChainProxy.java:379)
	at ru.ithub.ithub_space.config.JwtFilter.doFilterInternal(JwtFilter.java:32)
	at org.springframework.web.filter.OncePerRequestFilter.doFilter(OncePerRequestFilter.java:116)
	at org.springframework.security.web.FilterChainProxy$VirtualFilterChain.doFilter(FilterChainProxy.java:379)
	at org.springframework.security.web.authentication.logout.LogoutFilter.doFilter(LogoutFilter.java:107)
	at org.springframework.security.web.authentication.logout.LogoutFilter.doFilter(LogoutFilter.java:93)
	at org.springframework.security.web.FilterChainProxy$VirtualFilterChain.doFilter(FilterChainProxy.java:379)
	at org.springframework.security.web.header.HeaderWriterFilter.doHeadersAfter(HeaderWriterFilter.java:90)
	at org.springframework.security.web.header.HeaderWriterFilter.doFilterInternal(HeaderWriterFilter.java:75)
	at org.springframework.web.filter.OncePerRequestFilter.doFilter(OncePerRequestFilter.java:116)
	at org.springframework.security.web.FilterChainProxy$VirtualFilterChain.doFilter(FilterChainProxy.java:379)
	at org.springframework.security.web.context.SecurityContextHolderFilter.doFilter(SecurityContextHolderFilter.java:82)
	at org.springframework.security.web.context.SecurityContextHolderFilter.doFilter(SecurityContextHolderFilter.java:69)
	at org.springframework.security.web.FilterChainProxy$VirtualFilterChain.doFilter(FilterChainProxy.java:379)
	at org.springframework.security.web.context.request.async.WebAsyncManagerIntegrationFilter.doFilterInternal(WebAsyncManagerIntegrationFilter.java:62)
	at org.springframework.web.filter.OncePerRequestFilter.doFilter(OncePerRequestFilter.java:116)
	at org.springframework.security.web.FilterChainProxy$VirtualFilterChain.doFilter(FilterChainProxy.java:379)
	at org.springframework.security.web.session.DisableEncodeUrlFilter.doFilterInternal(DisableEncodeUrlFilter.java:42)
	at org.springframework.web.filter.OncePerRequestFilter.doFilter(OncePerRequestFilter.java:116)
	at org.springframework.security.web.FilterChainProxy$VirtualFilterChain.doFilter(FilterChainProxy.java:379)
	at org.springframework.security.web.FilterChainProxy.doFilterInternal(FilterChainProxy.java:233)
	at org.springframework.security.web.FilterChainProxy.doFilter(FilterChainProxy.java:191)
	at org.springframework.web.filter.CompositeFilter$VirtualFilterChain.doFilter(CompositeFilter.java:113)
	at org.springframework.web.filter.ServletRequestPathFilter.doFilter(ServletRequestPathFilter.java:52)
	at org.springframework.web.filter.CompositeFilter$VirtualFilterChain.doFilter(CompositeFilter.java:113)
	at org.springframework.web.filter.CompositeFilter.doFilter(CompositeFilter.java:74)
	at org.springframework.security.config.annotation.web.configuration.WebSecurityConfiguration$CompositeFilterChainProxy.doFilter(WebSecurityConfiguration.java:319)
	at org.springframework.web.filter.CompositeFilter$VirtualFilterChain.doFilter(CompositeFilter.java:113)
	at org.springframework.web.servlet.handler.HandlerMappingIntrospector.lambda$createCacheFilter$4(HandlerMappingIntrospector.java:267)
	at org.springframework.web.filter.CompositeFilter$VirtualFilterChain.doFilter(CompositeFilter.java:113)
	at org.springframework.web.filter.CompositeFilter.doFilter(CompositeFilter.java:74)
	at org.springframework.security.config.annotation.web.configuration.WebMvcSecurityConfiguration$CompositeFilterChainProxy.doFilter(WebMvcSecurityConfiguration.java:240)
	at org.springframework.web.filter.DelegatingFilterProxy.invokeDelegate(DelegatingFilterProxy.java:362)
	at org.springframework.web.filter.DelegatingFilterProxy.doFilter(DelegatingFilterProxy.java:278)
	at org.apache.catalina.core.ApplicationFilterChain.internalDoFilter(ApplicationFilterChain.java:162)
	at org.apache.catalina.core.ApplicationFilterChain.doFilter(ApplicationFilterChain.java:138)
	at org.springframework.web.filter.RequestContextFilter.doFilterInternal(RequestContextFilter.java:100)
	at org.springframework.web.filter.OncePerRequestFilter.doFilter(OncePerRequestFilter.java:116)
	at org.apache.catalina.core.ApplicationFilterChain.internalDoFilter(ApplicationFilterChain.java:162)
	at org.apache.catalina.core.ApplicationFilterChain.doFilter(ApplicationFilterChain.java:138)
	at org.springframework.web.filter.FormContentFilter.doFilterInternal(FormContentFilter.java:93)
	at org.springframework.web.filter.OncePerRequestFilter.doFilter(OncePerRequestFilter.java:116)
	at org.apache.catalina.core.ApplicationFilterChain.internalDoFilter(ApplicationFilterChain.java:162)
	at org.apache.catalina.core.ApplicationFilterChain.doFilter(ApplicationFilterChain.java:138)
	at org.springframework.web.filter.CharacterEncodingFilter.doFilterInternal(CharacterEncodingFilter.java:201)
	at org.springframework.web.filter.OncePerRequestFilter.doFilter(OncePerRequestFilter.java:116)
	at org.apache.catalina.core.ApplicationFilterChain.internalDoFilter(ApplicationFilterChain.java:162)
	at org.apache.catalina.core.ApplicationFilterChain.doFilter(ApplicationFilterChain.java:138)
	at org.apache.catalina.core.StandardWrapperValve.invoke(StandardWrapperValve.java:165)
	at org.apache.catalina.core.StandardContextValve.invoke(StandardContextValve.java:88)
	at org.apache.catalina.authenticator.AuthenticatorBase.invoke(AuthenticatorBase.java:492)
	at org.apache.catalina.core.StandardHostValve.invoke(StandardHostValve.java:113)
	at org.apache.catalina.valves.ErrorReportValve.invoke(ErrorReportValve.java:83)
	at org.apache.catalina.core.StandardEngineValve.invoke(StandardEngineValve.java:72)
	at org.apache.catalina.connector.CoyoteAdapter.service(CoyoteAdapter.java:342)
	at org.apache.coyote.http11.Http11Processor.service(Http11Processor.java:399)
	at org.apache.coyote.AbstractProcessorLight.process(AbstractProcessorLight.java:63)
	at org.apache.coyote.AbstractProtocol$ConnectionHandler.process(AbstractProtocol.java:1272)
	at org.apache.tomcat.util.net.NioEndpoint$SocketProcessor.doRun(NioEndpoint.java:1797)
	at org.apache.tomcat.util.net.SocketProcessorBase.run(SocketProcessorBase.java:52)
	at org.apache.tomcat.util.threads.ThreadPoolExecutor.runWorker(ThreadPoolExecutor.java:973)
	at org.apache.tomcat.util.threads.ThreadPoolExecutor$Worker.run(ThreadPoolExecutor.java:491)
	at org.apache.tomcat.util.threads.TaskThread$WrappingRunnable.run(TaskThread.java:63)
	at java.base/java.lang.Thread.run(Thread.java:1583)
2026-06-17 11:23:31 [http-nio-8080-exec-4] INFO  r.i.i.controller.AuthController - Попытка входа: admin@ithub.ru
2026-06-17 11:23:31 [http-nio-8080-exec-4] DEBUG r.i.ithub_space.service.UserService - Поиск пользователя по email: admin@ithub.ru
2026-06-17 11:23:31 [http-nio-8080-exec-4] WARN  r.i.ithub_space.service.UserService - Пользователь не найден: admin@ithub.ru
2026-06-17 11:23:31 [http-nio-8080-exec-4] ERROR o.a.c.c.C.[.[.[.[dispatcherServlet] - Servlet.service() for servlet [dispatcherServlet] in context with path [] threw exception [Request processing failed: java.lang.RuntimeException: Пользователь не найден] with root cause
java.lang.RuntimeException: Пользователь не найден
	at ru.ithub.ithub_space.service.UserService.lambda$findByEmail$1(UserService.java:69)
	at java.base/java.util.Optional.orElseThrow(Optional.java:403)
	at ru.ithub.ithub_space.service.UserService.findByEmail(UserService.java:67)
	at ru.ithub.ithub_space.controller.AuthController.login(AuthController.java:41)
	at java.base/jdk.internal.reflect.DirectMethodHandleAccessor.invoke(DirectMethodHandleAccessor.java:103)
	at java.base/java.lang.reflect.Method.invoke(Method.java:580)
	at org.springframework.web.method.support.InvocableHandlerMethod.doInvoke(InvocableHandlerMethod.java:258)
	at org.springframework.web.method.support.InvocableHandlerMethod.invokeForRequest(InvocableHandlerMethod.java:191)
	at org.springframework.web.servlet.mvc.method.annotation.ServletInvocableHandlerMethod.invokeAndHandle(ServletInvocableHandlerMethod.java:118)
	at org.springframework.web.servlet.mvc.method.annotation.RequestMappingHandlerAdapter.invokeHandlerMethod(RequestMappingHandlerAdapter.java:991)
	at org.springframework.web.servlet.mvc.method.annotation.RequestMappingHandlerAdapter.handleInternal(RequestMappingHandlerAdapter.java:896)
	at org.springframework.web.servlet.mvc.method.AbstractHandlerMethodAdapter.handle(AbstractHandlerMethodAdapter.java:87)
	at org.springframework.web.servlet.DispatcherServlet.doDispatch(DispatcherServlet.java:1089)
	at org.springframework.web.servlet.DispatcherServlet.doService(DispatcherServlet.java:979)
	at org.springframework.web.servlet.FrameworkServlet.processRequest(FrameworkServlet.java:1014)
	at org.springframework.web.servlet.FrameworkServlet.doPost(FrameworkServlet.java:914)
	at jakarta.servlet.http.HttpServlet.service(HttpServlet.java:590)
	at org.springframework.web.servlet.FrameworkServlet.service(FrameworkServlet.java:885)
	at jakarta.servlet.http.HttpServlet.service(HttpServlet.java:658)
	at org.apache.catalina.core.ApplicationFilterChain.internalDoFilter(ApplicationFilterChain.java:193)
	at org.apache.catalina.core.ApplicationFilterChain.doFilter(ApplicationFilterChain.java:138)
	at org.apache.tomcat.websocket.server.WsFilter.doFilter(WsFilter.java:51)
	at org.apache.catalina.core.ApplicationFilterChain.internalDoFilter(ApplicationFilterChain.java:162)
	at org.apache.catalina.core.ApplicationFilterChain.doFilter(ApplicationFilterChain.java:138)
	at org.springframework.web.filter.OncePerRequestFilter.doFilter(OncePerRequestFilter.java:110)
	at org.apache.catalina.core.ApplicationFilterChain.internalDoFilter(ApplicationFilterChain.java:162)
	at org.apache.catalina.core.ApplicationFilterChain.doFilter(ApplicationFilterChain.java:138)
	at org.springframework.web.filter.CompositeFilter$VirtualFilterChain.doFilter(CompositeFilter.java:108)
	at org.springframework.web.filter.CompositeFilter$VirtualFilterChain.doFilter(CompositeFilter.java:108)
	at org.springframework.security.web.FilterChainProxy.lambda$doFilterInternal$3(FilterChainProxy.java:231)
	at org.springframework.security.web.FilterChainProxy$VirtualFilterChain.doFilter(FilterChainProxy.java:370)
	at org.springframework.security.web.access.intercept.AuthorizationFilter.doFilter(AuthorizationFilter.java:101)
	at org.springframework.security.web.FilterChainProxy$VirtualFilterChain.doFilter(FilterChainProxy.java:379)
	at org.springframework.security.web.access.ExceptionTranslationFilter.doFilter(ExceptionTranslationFilter.java:125)
	at org.springframework.security.web.access.ExceptionTranslationFilter.doFilter(ExceptionTranslationFilter.java:119)
	at org.springframework.security.web.FilterChainProxy$VirtualFilterChain.doFilter(FilterChainProxy.java:379)
	at org.springframework.security.web.session.SessionManagementFilter.doFilter(SessionManagementFilter.java:131)
	at org.springframework.security.web.session.SessionManagementFilter.doFilter(SessionManagementFilter.java:85)
	at org.springframework.security.web.FilterChainProxy$VirtualFilterChain.doFilter(FilterChainProxy.java:379)
	at org.springframework.security.web.authentication.AnonymousAuthenticationFilter.doFilter(AnonymousAuthenticationFilter.java:100)
	at org.springframework.security.web.FilterChainProxy$VirtualFilterChain.doFilter(FilterChainProxy.java:379)
	at org.springframework.security.web.servletapi.SecurityContextHolderAwareRequestFilter.doFilter(SecurityContextHolderAwareRequestFilter.java:179)
	at org.springframework.security.web.FilterChainProxy$VirtualFilterChain.doFilter(FilterChainProxy.java:379)
	at org.springframework.security.web.savedrequest.RequestCacheAwareFilter.doFilter(RequestCacheAwareFilter.java:63)
	at org.springframework.security.web.FilterChainProxy$VirtualFilterChain.doFilter(FilterChainProxy.java:379)
	at ru.ithub.ithub_space.config.JwtFilter.doFilterInternal(JwtFilter.java:32)
	at org.springframework.web.filter.OncePerRequestFilter.doFilter(OncePerRequestFilter.java:116)
	at org.springframework.security.web.FilterChainProxy$VirtualFilterChain.doFilter(FilterChainProxy.java:379)
	at org.springframework.security.web.authentication.logout.LogoutFilter.doFilter(LogoutFilter.java:107)
	at org.springframework.security.web.authentication.logout.LogoutFilter.doFilter(LogoutFilter.java:93)
	at org.springframework.security.web.FilterChainProxy$VirtualFilterChain.doFilter(FilterChainProxy.java:379)
	at org.springframework.security.web.header.HeaderWriterFilter.doHeadersAfter(HeaderWriterFilter.java:90)
	at org.springframework.security.web.header.HeaderWriterFilter.doFilterInternal(HeaderWriterFilter.java:75)
	at org.springframework.web.filter.OncePerRequestFilter.doFilter(OncePerRequestFilter.java:116)
	at org.springframework.security.web.FilterChainProxy$VirtualFilterChain.doFilter(FilterChainProxy.java:379)
	at org.springframework.security.web.context.SecurityContextHolderFilter.doFilter(SecurityContextHolderFilter.java:82)
	at org.springframework.security.web.context.SecurityContextHolderFilter.doFilter(SecurityContextHolderFilter.java:69)
	at org.springframework.security.web.FilterChainProxy$VirtualFilterChain.doFilter(FilterChainProxy.java:379)
	at org.springframework.security.web.context.request.async.WebAsyncManagerIntegrationFilter.doFilterInternal(WebAsyncManagerIntegrationFilter.java:62)
	at org.springframework.web.filter.OncePerRequestFilter.doFilter(OncePerRequestFilter.java:116)
	at org.springframework.security.web.FilterChainProxy$VirtualFilterChain.doFilter(FilterChainProxy.java:379)
	at org.springframework.security.web.session.DisableEncodeUrlFilter.doFilterInternal(DisableEncodeUrlFilter.java:42)
	at org.springframework.web.filter.OncePerRequestFilter.doFilter(OncePerRequestFilter.java:116)
	at org.springframework.security.web.FilterChainProxy$VirtualFilterChain.doFilter(FilterChainProxy.java:379)
	at org.springframework.security.web.FilterChainProxy.doFilterInternal(FilterChainProxy.java:233)
	at org.springframework.security.web.FilterChainProxy.doFilter(FilterChainProxy.java:191)
	at org.springframework.web.filter.CompositeFilter$VirtualFilterChain.doFilter(CompositeFilter.java:113)
	at org.springframework.web.filter.ServletRequestPathFilter.doFilter(ServletRequestPathFilter.java:52)
	at org.springframework.web.filter.CompositeFilter$VirtualFilterChain.doFilter(CompositeFilter.java:113)
	at org.springframework.web.filter.CompositeFilter.doFilter(CompositeFilter.java:74)
	at org.springframework.security.config.annotation.web.configuration.WebSecurityConfiguration$CompositeFilterChainProxy.doFilter(WebSecurityConfiguration.java:319)
	at org.springframework.web.filter.CompositeFilter$VirtualFilterChain.doFilter(CompositeFilter.java:113)
	at org.springframework.web.servlet.handler.HandlerMappingIntrospector.lambda$createCacheFilter$4(HandlerMappingIntrospector.java:267)
	at org.springframework.web.filter.CompositeFilter$VirtualFilterChain.doFilter(CompositeFilter.java:113)
	at org.springframework.web.filter.CompositeFilter.doFilter(CompositeFilter.java:74)
	at org.springframework.security.config.annotation.web.configuration.WebMvcSecurityConfiguration$CompositeFilterChainProxy.doFilter(WebMvcSecurityConfiguration.java:240)
	at org.springframework.web.filter.DelegatingFilterProxy.invokeDelegate(DelegatingFilterProxy.java:362)
	at org.springframework.web.filter.DelegatingFilterProxy.doFilter(DelegatingFilterProxy.java:278)
	at org.apache.catalina.core.ApplicationFilterChain.internalDoFilter(ApplicationFilterChain.java:162)
	at org.apache.catalina.core.ApplicationFilterChain.doFilter(ApplicationFilterChain.java:138)
	at org.springframework.web.filter.RequestContextFilter.doFilterInternal(RequestContextFilter.java:100)
	at org.springframework.web.filter.OncePerRequestFilter.doFilter(OncePerRequestFilter.java:116)
	at org.apache.catalina.core.ApplicationFilterChain.internalDoFilter(ApplicationFilterChain.java:162)
	at org.apache.catalina.core.ApplicationFilterChain.doFilter(ApplicationFilterChain.java:138)
	at org.springframework.web.filter.FormContentFilter.doFilterInternal(FormContentFilter.java:93)
	at org.springframework.web.filter.OncePerRequestFilter.doFilter(OncePerRequestFilter.java:116)
	at org.apache.catalina.core.ApplicationFilterChain.internalDoFilter(ApplicationFilterChain.java:162)
	at org.apache.catalina.core.ApplicationFilterChain.doFilter(ApplicationFilterChain.java:138)
	at org.springframework.web.filter.CharacterEncodingFilter.doFilterInternal(CharacterEncodingFilter.java:201)
	at org.springframework.web.filter.OncePerRequestFilter.doFilter(OncePerRequestFilter.java:116)
	at org.apache.catalina.core.ApplicationFilterChain.internalDoFilter(ApplicationFilterChain.java:162)
	at org.apache.catalina.core.ApplicationFilterChain.doFilter(ApplicationFilterChain.java:138)
	at org.apache.catalina.core.StandardWrapperValve.invoke(StandardWrapperValve.java:165)
	at org.apache.catalina.core.StandardContextValve.invoke(StandardContextValve.java:88)
	at org.apache.catalina.authenticator.AuthenticatorBase.invoke(AuthenticatorBase.java:492)
	at org.apache.catalina.core.StandardHostValve.invoke(StandardHostValve.java:113)
	at org.apache.catalina.valves.ErrorReportValve.invoke(ErrorReportValve.java:83)
	at org.apache.catalina.core.StandardEngineValve.invoke(StandardEngineValve.java:72)
	at org.apache.catalina.connector.CoyoteAdapter.service(CoyoteAdapter.java:342)
	at org.apache.coyote.http11.Http11Processor.service(Http11Processor.java:399)
	at org.apache.coyote.AbstractProcessorLight.process(AbstractProcessorLight.java:63)
	at org.apache.coyote.AbstractProtocol$ConnectionHandler.process(AbstractProtocol.java:1272)
	at org.apache.tomcat.util.net.NioEndpoint$SocketProcessor.doRun(NioEndpoint.java:1797)
	at org.apache.tomcat.util.net.SocketProcessorBase.run(SocketProcessorBase.java:52)
	at org.apache.tomcat.util.threads.ThreadPoolExecutor.runWorker(ThreadPoolExecutor.java:973)
	at org.apache.tomcat.util.threads.ThreadPoolExecutor$Worker.run(ThreadPoolExecutor.java:491)
	at org.apache.tomcat.util.threads.TaskThread$WrappingRunnable.run(TaskThread.java:63)
	at java.base/java.lang.Thread.run(Thread.java:1583)
2026-06-17 11:23:48 [http-nio-8080-exec-5] INFO  r.i.i.controller.AuthController - Попытка входа: test@ithub.ru
2026-06-17 11:23:48 [http-nio-8080-exec-5] DEBUG r.i.ithub_space.service.UserService - Поиск пользователя по email: test@ithub.ru
2026-06-17 11:23:48 [http-nio-8080-exec-5] WARN  r.i.i.controller.AuthController - Неверный пароль для: test@ithub.ru
2026-06-17 11:40:07 [main] INFO  r.i.i.IthubSpaceApplication - Starting IthubSpaceApplication using Java 21.0.11 with PID 12952 (C:\Users\arnau\IdeaProjects\ithub-space\build\classes\java\main started by arnau in C:\Users\arnau\IdeaProjects\ithub-space)
2026-06-17 11:40:07 [main] DEBUG r.i.i.IthubSpaceApplication - Running with Spring Boot v3.5.15, Spring v6.2.19
2026-06-17 11:40:07 [main] INFO  r.i.i.IthubSpaceApplication - No active profile set, falling back to 1 default profile: "default"
2026-06-17 11:40:11 [main] INFO  o.a.coyote.http11.Http11NioProtocol - Initializing ProtocolHandler ["http-nio-8080"]
2026-06-17 11:40:11 [main] INFO  o.a.catalina.core.StandardService - Starting service [Tomcat]
2026-06-17 11:40:11 [main] INFO  o.a.catalina.core.StandardEngine - Starting Servlet engine: [Apache Tomcat/10.1.55]
2026-06-17 11:40:11 [main] INFO  o.a.c.c.C.[Tomcat].[localhost].[/] - Initializing Spring embedded WebApplicationContext
2026-06-17 11:40:13 [main] INFO  com.zaxxer.hikari.HikariDataSource - HikariPool-1 - Starting...
2026-06-17 11:40:13 [main] INFO  com.zaxxer.hikari.pool.HikariPool - HikariPool-1 - Added connection org.postgresql.jdbc.PgConnection@7c5c20ed
2026-06-17 11:40:13 [main] INFO  com.zaxxer.hikari.HikariDataSource - HikariPool-1 - Start completed.
2026-06-17 11:40:18 [main] DEBUG r.ithub.ithub_space.config.JwtFilter - Filter 'jwtFilter' configured for use
2026-06-17 11:40:20 [main] INFO  o.a.coyote.http11.Http11NioProtocol - Starting ProtocolHandler ["http-nio-8080"]
2026-06-17 11:40:20 [main] INFO  r.i.i.IthubSpaceApplication - Started IthubSpaceApplication in 14.304 seconds (process running for 15.219)
2026-06-17 11:40:31 [http-nio-8080-exec-1] INFO  o.a.c.c.C.[Tomcat].[localhost].[/] - Initializing Spring DispatcherServlet 'dispatcherServlet'
2026-06-17 11:41:09 [http-nio-8080-exec-3] INFO  r.i.ithub_space.service.UserService - Регистрация нового пользователя: adfsfsdf@dstu.ru
2026-06-17 11:41:09 [http-nio-8080-exec-3] DEBUG r.i.ithub_space.service.UserService - Пользователь зарегистрирован: v a (adfsfsdf@dstu.ru)
2026-06-17 11:41:21 [http-nio-8080-exec-4] INFO  r.i.i.controller.AuthController - Попытка входа: adfsfsdf@dstu.ru
2026-06-17 11:41:21 [http-nio-8080-exec-4] DEBUG r.i.ithub_space.service.UserService - Поиск пользователя по email: adfsfsdf@dstu.ru
2026-06-17 11:41:21 [http-nio-8080-exec-4] INFO  r.i.i.controller.AuthController - Успешный вход: adfsfsdf@dstu.ru
2026-06-17 11:51:41 [main] INFO  r.i.i.IthubSpaceApplication - Starting IthubSpaceApplication using Java 21.0.11 with PID 23512 (C:\Users\arnau\IdeaProjects\ithub-space\build\classes\java\main started by arnau in C:\Users\arnau\IdeaProjects\ithub-space)
2026-06-17 11:51:41 [main] DEBUG r.i.i.IthubSpaceApplication - Running with Spring Boot v3.5.15, Spring v6.2.19
2026-06-17 11:51:41 [main] INFO  r.i.i.IthubSpaceApplication - No active profile set, falling back to 1 default profile: "default"
2026-06-17 11:51:44 [main] INFO  o.a.coyote.http11.Http11NioProtocol - Initializing ProtocolHandler ["http-nio-8080"]
2026-06-17 11:51:44 [main] INFO  o.a.catalina.core.StandardService - Starting service [Tomcat]
2026-06-17 11:51:44 [main] INFO  o.a.catalina.core.StandardEngine - Starting Servlet engine: [Apache Tomcat/10.1.55]
2026-06-17 11:51:44 [main] INFO  o.a.c.c.C.[Tomcat].[localhost].[/] - Initializing Spring embedded WebApplicationContext
2026-06-17 11:51:45 [main] INFO  com.zaxxer.hikari.HikariDataSource - HikariPool-1 - Starting...
2026-06-17 11:51:45 [main] INFO  com.zaxxer.hikari.pool.HikariPool - HikariPool-1 - Added connection org.postgresql.jdbc.PgConnection@778c2e7c
2026-06-17 11:51:45 [main] INFO  com.zaxxer.hikari.HikariDataSource - HikariPool-1 - Start completed.
2026-06-17 11:51:49 [main] DEBUG r.ithub.ithub_space.config.JwtFilter - Filter 'jwtFilter' configured for use
2026-06-17 11:51:50 [main] INFO  o.a.coyote.http11.Http11NioProtocol - Starting ProtocolHandler ["http-nio-8080"]
2026-06-17 11:51:50 [main] INFO  r.i.i.IthubSpaceApplication - Started IthubSpaceApplication in 10.884 seconds (process running for 17.657)
2026-06-17 11:52:00 [http-nio-8080-exec-1] INFO  o.a.c.c.C.[Tomcat].[localhost].[/] - Initializing Spring DispatcherServlet 'dispatcherServlet'
2026-06-17 11:52:01 [http-nio-8080-exec-2] DEBUG r.i.ithub_space.service.EventService - Получено мероприятий: 5
2026-06-17 11:52:04 [http-nio-8080-exec-7] DEBUG r.i.ithub_space.service.EventService - Получено мероприятий: 5
2026-06-17 11:52:30 [http-nio-8080-exec-10] DEBUG r.i.ithub_space.service.EventService - Получено мероприятий: 5
2026-06-17 12:02:22 [main] INFO  r.i.i.IthubSpaceApplication - Starting IthubSpaceApplication using Java 21.0.11 with PID 10292 (C:\Users\arnau\IdeaProjects\ithub-space\build\classes\java\main started by arnau in C:\Users\arnau\IdeaProjects\ithub-space)
2026-06-17 12:02:22 [main] DEBUG r.i.i.IthubSpaceApplication - Running with Spring Boot v3.5.15, Spring v6.2.19
2026-06-17 12:02:22 [main] INFO  r.i.i.IthubSpaceApplication - No active profile set, falling back to 1 default profile: "default"
2026-06-17 12:02:25 [main] INFO  o.a.coyote.http11.Http11NioProtocol - Initializing ProtocolHandler ["http-nio-8080"]
2026-06-17 12:02:25 [main] INFO  o.a.catalina.core.StandardService - Starting service [Tomcat]
2026-06-17 12:02:25 [main] INFO  o.a.catalina.core.StandardEngine - Starting Servlet engine: [Apache Tomcat/10.1.55]
2026-06-17 12:02:25 [main] INFO  o.a.c.c.C.[Tomcat].[localhost].[/] - Initializing Spring embedded WebApplicationContext
2026-06-17 12:02:26 [main] INFO  com.zaxxer.hikari.HikariDataSource - HikariPool-1 - Starting...
2026-06-17 12:02:26 [main] INFO  com.zaxxer.hikari.pool.HikariPool - HikariPool-1 - Added connection org.postgresql.jdbc.PgConnection@504b8705
2026-06-17 12:02:26 [main] INFO  com.zaxxer.hikari.HikariDataSource - HikariPool-1 - Start completed.
2026-06-17 12:02:29 [main] DEBUG r.ithub.ithub_space.config.JwtFilter - Filter 'jwtFilter' configured for use
2026-06-17 12:02:31 [main] INFO  o.a.coyote.http11.Http11NioProtocol - Starting ProtocolHandler ["http-nio-8080"]
2026-06-17 12:02:31 [main] INFO  r.i.i.IthubSpaceApplication - Started IthubSpaceApplication in 10.008 seconds (process running for 10.633)
2026-06-17 12:02:44 [http-nio-8080-exec-1] INFO  o.a.c.c.C.[Tomcat].[localhost].[/] - Initializing Spring DispatcherServlet 'dispatcherServlet'
2026-06-17 12:02:45 [http-nio-8080-exec-2] DEBUG r.i.ithub_space.service.EventService - Получено мероприятий: 5
2026-06-17 12:03:44 [http-nio-8080-exec-10] DEBUG r.i.ithub_space.service.EventService - Получено мероприятий: 5
2026-06-17 12:14:18 [http-nio-8080-exec-9] DEBUG r.i.ithub_space.service.EventService - Получено мероприятий: 5
2026-06-17 12:47:28 [main] INFO  r.i.i.IthubSpaceApplication - Starting IthubSpaceApplication using Java 21.0.11 with PID 9952 (C:\Users\arnau\IdeaProjects\ithub-space\build\classes\java\main started by arnau in C:\Users\arnau\IdeaProjects\ithub-space)
2026-06-17 12:47:28 [main] DEBUG r.i.i.IthubSpaceApplication - Running with Spring Boot v3.5.15, Spring v6.2.19
2026-06-17 12:47:28 [main] INFO  r.i.i.IthubSpaceApplication - No active profile set, falling back to 1 default profile: "default"
2026-06-17 12:47:32 [main] INFO  o.a.coyote.http11.Http11NioProtocol - Initializing ProtocolHandler ["http-nio-8080"]
2026-06-17 12:47:32 [main] INFO  o.a.catalina.core.StandardService - Starting service [Tomcat]
2026-06-17 12:47:32 [main] INFO  o.a.catalina.core.StandardEngine - Starting Servlet engine: [Apache Tomcat/10.1.55]
2026-06-17 12:47:32 [main] INFO  o.a.c.c.C.[Tomcat].[localhost].[/] - Initializing Spring embedded WebApplicationContext
2026-06-17 12:47:33 [main] INFO  com.zaxxer.hikari.HikariDataSource - HikariPool-1 - Starting...
2026-06-17 12:47:33 [main] INFO  com.zaxxer.hikari.pool.HikariPool - HikariPool-1 - Added connection org.postgresql.jdbc.PgConnection@5f0d8937
2026-06-17 12:47:33 [main] INFO  com.zaxxer.hikari.HikariDataSource - HikariPool-1 - Start completed.
2026-06-17 12:47:36 [main] DEBUG r.ithub.ithub_space.config.JwtFilter - Filter 'jwtFilter' configured for use
2026-06-17 12:47:38 [main] INFO  o.a.coyote.http11.Http11NioProtocol - Starting ProtocolHandler ["http-nio-8080"]
2026-06-17 12:47:38 [main] INFO  r.i.i.IthubSpaceApplication - Started IthubSpaceApplication in 10.618 seconds (process running for 11.32)
2026-06-17 12:48:00 [http-nio-8080-exec-1] INFO  o.a.c.c.C.[Tomcat].[localhost].[/] - Initializing Spring DispatcherServlet 'dispatcherServlet'
2026-06-17 12:48:01 [http-nio-8080-exec-2] DEBUG r.i.ithub_space.service.EventService - Получено мероприятий: 5
2026-06-17 12:48:13 [http-nio-8080-exec-7] DEBUG r.i.ithub_space.service.EventService - Получено мероприятий: 5
2026-06-17 12:51:41 [main] INFO  r.i.i.IthubSpaceApplication - Starting IthubSpaceApplication using Java 21.0.11 with PID 18504 (C:\Users\arnau\IdeaProjects\ithub-space\build\classes\java\main started by arnau in C:\Users\arnau\IdeaProjects\ithub-space)
2026-06-17 12:51:41 [main] DEBUG r.i.i.IthubSpaceApplication - Running with Spring Boot v3.5.15, Spring v6.2.19
2026-06-17 12:51:41 [main] INFO  r.i.i.IthubSpaceApplication - No active profile set, falling back to 1 default profile: "default"
2026-06-17 12:51:44 [main] INFO  o.a.coyote.http11.Http11NioProtocol - Initializing ProtocolHandler ["http-nio-8080"]
2026-06-17 12:51:44 [main] INFO  o.a.catalina.core.StandardService - Starting service [Tomcat]
2026-06-17 12:51:44 [main] INFO  o.a.catalina.core.StandardEngine - Starting Servlet engine: [Apache Tomcat/10.1.55]
2026-06-17 12:51:44 [main] INFO  o.a.c.c.C.[Tomcat].[localhost].[/] - Initializing Spring embedded WebApplicationContext
2026-06-17 12:51:45 [main] INFO  com.zaxxer.hikari.HikariDataSource - HikariPool-1 - Starting...
2026-06-17 12:51:46 [main] INFO  com.zaxxer.hikari.pool.HikariPool - HikariPool-1 - Added connection org.postgresql.jdbc.PgConnection@68d8eb4f
2026-06-17 12:51:46 [main] INFO  com.zaxxer.hikari.HikariDataSource - HikariPool-1 - Start completed.
2026-06-17 12:51:49 [main] DEBUG r.ithub.ithub_space.config.JwtFilter - Filter 'jwtFilter' configured for use
2026-06-17 12:51:50 [main] INFO  o.a.coyote.http11.Http11NioProtocol - Starting ProtocolHandler ["http-nio-8080"]
2026-06-17 12:51:50 [main] INFO  r.i.i.IthubSpaceApplication - Started IthubSpaceApplication in 10.312 seconds (process running for 10.999)
2026-06-17 12:54:16 [main] INFO  r.i.i.IthubSpaceApplication - Starting IthubSpaceApplication using Java 21.0.11 with PID 21636 (C:\Users\arnau\IdeaProjects\ithub-space\build\classes\java\main started by arnau in C:\Users\arnau\IdeaProjects\ithub-space)
2026-06-17 12:54:16 [main] DEBUG r.i.i.IthubSpaceApplication - Running with Spring Boot v3.5.15, Spring v6.2.19
2026-06-17 12:54:16 [main] INFO  r.i.i.IthubSpaceApplication - No active profile set, falling back to 1 default profile: "default"
2026-06-17 12:54:19 [main] INFO  o.a.coyote.http11.Http11NioProtocol - Initializing ProtocolHandler ["http-nio-8080"]
2026-06-17 12:54:19 [main] INFO  o.a.catalina.core.StandardService - Starting service [Tomcat]
2026-06-17 12:54:19 [main] INFO  o.a.catalina.core.StandardEngine - Starting Servlet engine: [Apache Tomcat/10.1.55]
2026-06-17 12:54:19 [main] INFO  o.a.c.c.C.[Tomcat].[localhost].[/] - Initializing Spring embedded WebApplicationContext
2026-06-17 12:54:20 [main] INFO  com.zaxxer.hikari.HikariDataSource - HikariPool-1 - Starting...
2026-06-17 12:54:20 [main] INFO  com.zaxxer.hikari.pool.HikariPool - HikariPool-1 - Added connection org.postgresql.jdbc.PgConnection@16cf7fd0
2026-06-17 12:54:20 [main] INFO  com.zaxxer.hikari.HikariDataSource - HikariPool-1 - Start completed.
2026-06-17 12:54:24 [main] DEBUG r.ithub.ithub_space.config.JwtFilter - Filter 'jwtFilter' configured for use
2026-06-17 12:54:25 [main] INFO  o.a.coyote.http11.Http11NioProtocol - Starting ProtocolHandler ["http-nio-8080"]
2026-06-17 12:54:25 [main] INFO  r.i.i.IthubSpaceApplication - Started IthubSpaceApplication in 10.408 seconds (process running for 11.129)
2026-06-17 12:55:08 [main] INFO  r.i.i.IthubSpaceApplication - Starting IthubSpaceApplication using Java 21.0.11 with PID 16348 (C:\Users\arnau\IdeaProjects\ithub-space\build\classes\java\main started by arnau in C:\Users\arnau\IdeaProjects\ithub-space)
2026-06-17 12:55:08 [main] DEBUG r.i.i.IthubSpaceApplication - Running with Spring Boot v3.5.15, Spring v6.2.19
2026-06-17 12:55:08 [main] INFO  r.i.i.IthubSpaceApplication - No active profile set, falling back to 1 default profile: "default"
2026-06-17 12:55:12 [main] INFO  o.a.coyote.http11.Http11NioProtocol - Initializing ProtocolHandler ["http-nio-8080"]
2026-06-17 12:55:12 [main] INFO  o.a.catalina.core.StandardService - Starting service [Tomcat]
2026-06-17 12:55:12 [main] INFO  o.a.catalina.core.StandardEngine - Starting Servlet engine: [Apache Tomcat/10.1.55]
2026-06-17 12:55:12 [main] INFO  o.a.c.c.C.[Tomcat].[localhost].[/] - Initializing Spring embedded WebApplicationContext
2026-06-17 12:55:13 [main] INFO  com.zaxxer.hikari.HikariDataSource - HikariPool-1 - Starting...
2026-06-17 12:55:13 [main] INFO  com.zaxxer.hikari.pool.HikariPool - HikariPool-1 - Added connection org.postgresql.jdbc.PgConnection@68d8eb4f
2026-06-17 12:55:13 [main] INFO  com.zaxxer.hikari.HikariDataSource - HikariPool-1 - Start completed.
2026-06-17 12:55:17 [main] DEBUG r.ithub.ithub_space.config.JwtFilter - Filter 'jwtFilter' configured for use
2026-06-17 12:55:18 [main] INFO  o.a.coyote.http11.Http11NioProtocol - Starting ProtocolHandler ["http-nio-8080"]
2026-06-17 12:55:18 [main] WARN  o.s.b.w.s.c.AnnotationConfigServletWebServerApplicationContext - Exception encountered during context initialization - cancelling refresh attempt: org.springframework.context.ApplicationContextException: Failed to start bean 'webServerStartStop'
2026-06-17 12:55:18 [main] INFO  com.zaxxer.hikari.HikariDataSource - HikariPool-1 - Shutdown initiated...
2026-06-17 12:55:18 [main] INFO  com.zaxxer.hikari.HikariDataSource - HikariPool-1 - Shutdown completed.
2026-06-17 12:55:18 [main] ERROR o.s.b.d.LoggingFailureAnalysisReporter - 

***************************
APPLICATION FAILED TO START
***************************

Description:

Web server failed to start. Port 8080 was already in use.

Action:

Identify and stop the process that's listening on port 8080 or configure this application to listen on another port.

2026-06-17 12:57:36 [main] INFO  r.i.i.IthubSpaceApplication - Starting IthubSpaceApplication using Java 21.0.11 with PID 7508 (C:\Users\arnau\IdeaProjects\ithub-space\build\classes\java\main started by arnau in C:\Users\arnau\IdeaProjects\ithub-space)
2026-06-17 12:57:36 [main] DEBUG r.i.i.IthubSpaceApplication - Running with Spring Boot v3.5.15, Spring v6.2.19
2026-06-17 12:57:36 [main] INFO  r.i.i.IthubSpaceApplication - No active profile set, falling back to 1 default profile: "default"
2026-06-17 12:57:39 [main] INFO  o.a.coyote.http11.Http11NioProtocol - Initializing ProtocolHandler ["http-nio-8080"]
2026-06-17 12:57:39 [main] INFO  o.a.catalina.core.StandardService - Starting service [Tomcat]
2026-06-17 12:57:39 [main] INFO  o.a.catalina.core.StandardEngine - Starting Servlet engine: [Apache Tomcat/10.1.55]
2026-06-17 12:57:39 [main] INFO  o.a.c.c.C.[Tomcat].[localhost].[/] - Initializing Spring embedded WebApplicationContext
2026-06-17 12:57:40 [main] INFO  com.zaxxer.hikari.HikariDataSource - HikariPool-1 - Starting...
2026-06-17 12:57:40 [main] INFO  com.zaxxer.hikari.pool.HikariPool - HikariPool-1 - Added connection org.postgresql.jdbc.PgConnection@68d8eb4f
2026-06-17 12:57:40 [main] INFO  com.zaxxer.hikari.HikariDataSource - HikariPool-1 - Start completed.
2026-06-17 12:57:44 [main] DEBUG r.ithub.ithub_space.config.JwtFilter - Filter 'jwtFilter' configured for use
2026-06-17 12:57:45 [main] INFO  o.a.coyote.http11.Http11NioProtocol - Starting ProtocolHandler ["http-nio-8080"]
2026-06-17 12:57:45 [main] INFO  r.i.i.IthubSpaceApplication - Started IthubSpaceApplication in 10.572 seconds (process running for 11.319)
2026-06-17 12:58:18 [main] INFO  r.i.i.IthubSpaceApplication - Starting IthubSpaceApplication using Java 21.0.11 with PID 17024 (C:\Users\arnau\IdeaProjects\ithub-space\build\classes\java\main started by arnau in C:\Users\arnau\IdeaProjects\ithub-space)
2026-06-17 12:58:18 [main] DEBUG r.i.i.IthubSpaceApplication - Running with Spring Boot v3.5.15, Spring v6.2.19
2026-06-17 12:58:18 [main] INFO  r.i.i.IthubSpaceApplication - No active profile set, falling back to 1 default profile: "default"
2026-06-17 12:58:21 [main] INFO  o.a.coyote.http11.Http11NioProtocol - Initializing ProtocolHandler ["http-nio-8080"]
2026-06-17 12:58:21 [main] INFO  o.a.catalina.core.StandardService - Starting service [Tomcat]
2026-06-17 12:58:21 [main] INFO  o.a.catalina.core.StandardEngine - Starting Servlet engine: [Apache Tomcat/10.1.55]
2026-06-17 12:58:21 [main] INFO  o.a.c.c.C.[Tomcat].[localhost].[/] - Initializing Spring embedded WebApplicationContext
2026-06-17 12:58:23 [main] INFO  com.zaxxer.hikari.HikariDataSource - HikariPool-1 - Starting...
2026-06-17 12:58:23 [main] INFO  com.zaxxer.hikari.pool.HikariPool - HikariPool-1 - Added connection org.postgresql.jdbc.PgConnection@68d8eb4f
2026-06-17 12:58:23 [main] INFO  com.zaxxer.hikari.HikariDataSource - HikariPool-1 - Start completed.
2026-06-17 12:58:26 [main] DEBUG r.ithub.ithub_space.config.JwtFilter - Filter 'jwtFilter' configured for use
2026-06-17 12:58:28 [main] INFO  o.a.coyote.http11.Http11NioProtocol - Starting ProtocolHandler ["http-nio-8080"]
2026-06-17 12:58:28 [main] INFO  r.i.i.IthubSpaceApplication - Started IthubSpaceApplication in 10.789 seconds (process running for 11.616)
2026-06-17 12:59:15 [http-nio-8080-exec-1] INFO  o.a.c.c.C.[Tomcat].[localhost].[/] - Initializing Spring DispatcherServlet 'dispatcherServlet'
2026-06-17 12:59:16 [http-nio-8080-exec-2] DEBUG r.i.ithub_space.service.EventService - Получено мероприятий: 5
2026-06-17 12:59:37 [http-nio-8080-exec-8] DEBUG r.i.ithub_space.service.EventService - Получено мероприятий: 5
2026-06-17 13:23:18 [HikariPool-1:housekeeper] WARN  com.zaxxer.hikari.pool.HikariPool - HikariPool-1 - Thread starvation or clock leap detected (housekeeper delta=15m25s20ms348µs600ns).
2026-06-17 13:30:25 [HikariPool-1:housekeeper] WARN  com.zaxxer.hikari.pool.HikariPool - HikariPool-1 - Thread starvation or clock leap detected (housekeeper delta=5m7s355ms174µs).
2026-06-17 13:33:14 [http-nio-8080-exec-7] DEBUG r.i.ithub_space.service.EventService - Получено мероприятий: 5
2026-06-17 13:40:52 [main] INFO  r.i.i.IthubSpaceApplication - Starting IthubSpaceApplication using Java 21.0.11 with PID 21776 (C:\Users\arnau\IdeaProjects\ithub-space\build\classes\java\main started by arnau in C:\Users\arnau\IdeaProjects\ithub-space)
2026-06-17 13:40:52 [main] DEBUG r.i.i.IthubSpaceApplication - Running with Spring Boot v3.5.15, Spring v6.2.19
2026-06-17 13:40:52 [main] INFO  r.i.i.IthubSpaceApplication - No active profile set, falling back to 1 default profile: "default"
2026-06-17 13:40:56 [main] INFO  o.a.coyote.http11.Http11NioProtocol - Initializing ProtocolHandler ["http-nio-8080"]
2026-06-17 13:40:56 [main] INFO  o.a.catalina.core.StandardService - Starting service [Tomcat]
2026-06-17 13:40:56 [main] INFO  o.a.catalina.core.StandardEngine - Starting Servlet engine: [Apache Tomcat/10.1.55]
2026-06-17 13:40:56 [main] INFO  o.a.c.c.C.[Tomcat].[localhost].[/] - Initializing Spring embedded WebApplicationContext
2026-06-17 13:40:57 [main] INFO  com.zaxxer.hikari.HikariDataSource - HikariPool-1 - Starting...
2026-06-17 13:40:57 [main] INFO  com.zaxxer.hikari.pool.HikariPool - HikariPool-1 - Added connection org.postgresql.jdbc.PgConnection@b70fa38
2026-06-17 13:40:57 [main] INFO  com.zaxxer.hikari.HikariDataSource - HikariPool-1 - Start completed.
2026-06-17 13:41:01 [main] DEBUG r.ithub.ithub_space.config.JwtFilter - Filter 'jwtFilter' configured for use
2026-06-17 13:41:03 [main] INFO  o.a.coyote.http11.Http11NioProtocol - Starting ProtocolHandler ["http-nio-8080"]
2026-06-17 13:41:03 [main] INFO  r.i.i.IthubSpaceApplication - Started IthubSpaceApplication in 11.46 seconds (process running for 12.201)
2026-06-17 13:41:17 [http-nio-8080-exec-1] INFO  o.a.c.c.C.[Tomcat].[localhost].[/] - Initializing Spring DispatcherServlet 'dispatcherServlet'
2026-06-17 13:41:18 [http-nio-8080-exec-2] DEBUG r.i.ithub_space.service.EventService - Получено мероприятий: 5
2026-06-17 13:48:04 [http-nio-8080-exec-5] DEBUG r.i.ithub_space.service.EventService - Получено мероприятий: 5
2026-06-17 13:48:42 [http-nio-8080-exec-9] DEBUG r.i.ithub_space.service.EventService - Получено мероприятий: 5
2026-06-17 13:52:22 [http-nio-8080-exec-2] INFO  r.i.ithub_space.service.UserService - Регистрация нового пользователя: aaa@rnd.ru
2026-06-17 13:52:22 [http-nio-8080-exec-2] DEBUG r.i.ithub_space.service.UserService - Пользователь зарегистрирован: ф ф (aaa@rnd.ru)
2026-06-17 13:52:32 [http-nio-8080-exec-1] INFO  r.i.i.controller.AuthController - Попытка входа: aaa@rnd.ru
2026-06-17 13:52:32 [http-nio-8080-exec-1] DEBUG r.i.ithub_space.service.UserService - Поиск пользователя по email: aaa@rnd.ru
2026-06-17 13:52:32 [http-nio-8080-exec-1] INFO  r.i.i.controller.AuthController - Успешный вход: aaa@rnd.ru
2026-06-17 13:54:02 [http-nio-8080-exec-8] DEBUG r.i.ithub_space.service.EventService - Получено мероприятий: 5
2026-06-17 13:55:30 [http-nio-8080-exec-5] INFO  r.i.ithub_space.service.UserService - Регистрация нового пользователя: fff@rnd.ru
2026-06-17 13:55:30 [http-nio-8080-exec-5] DEBUG r.i.ithub_space.service.UserService - Пользователь зарегистрирован: f f (fff@rnd.ru)
2026-06-17 13:55:40 [http-nio-8080-exec-7] INFO  r.i.i.controller.AuthController - Попытка входа: fff@rnd.ru
2026-06-17 13:55:40 [http-nio-8080-exec-7] DEBUG r.i.ithub_space.service.UserService - Поиск пользователя по email: fff@rnd.ru
2026-06-17 13:55:40 [http-nio-8080-exec-7] INFO  r.i.i.controller.AuthController - Успешный вход: fff@rnd.ru
2026-06-17 13:55:40 [http-nio-8080-exec-6] DEBUG r.i.ithub_space.service.UserService - Загрузка пользователя по email: fff@rnd.ru
2026-06-17 13:55:40 [http-nio-8080-exec-8] DEBUG r.i.ithub_space.service.UserService - Загрузка пользователя по email: fff@rnd.ru
2026-06-17 13:55:40 [http-nio-8080-exec-10] DEBUG r.i.ithub_space.service.UserService - Загрузка пользователя по email: fff@rnd.ru
2026-06-17 13:55:40 [http-nio-8080-exec-9] DEBUG r.i.ithub_space.service.UserService - Загрузка пользователя по email: fff@rnd.ru
2026-06-17 13:55:40 [http-nio-8080-exec-8] DEBUG r.i.ithub_space.service.EventService - Получено мероприятий: 5
2026-06-17 14:36:59 [http-nio-8080-exec-10] DEBUG r.i.ithub_space.service.UserService - Загрузка пользователя по email: aaa@rnd.ru
2026-06-17 14:36:59 [http-nio-8080-exec-9] DEBUG r.i.ithub_space.service.UserService - Загрузка пользователя по email: aaa@rnd.ru
2026-06-17 14:36:59 [http-nio-8080-exec-6] DEBUG r.i.ithub_space.service.UserService - Загрузка пользователя по email: aaa@rnd.ru
2026-06-17 14:36:59 [http-nio-8080-exec-7] DEBUG r.i.ithub_space.service.UserService - Загрузка пользователя по email: aaa@rnd.ru
2026-06-17 14:37:00 [http-nio-8080-exec-7] DEBUG r.i.ithub_space.service.EventService - Получено мероприятий: 5
2026-06-17 14:37:15 [http-nio-8080-exec-2] DEBUG r.i.ithub_space.service.UserService - Загрузка пользователя по email: aaa@rnd.ru
2026-06-17 14:37:15 [http-nio-8080-exec-2] DEBUG r.i.ithub_space.service.UserService - Поиск пользователя по email: aaa@rnd.ru
2026-06-17 14:37:19 [http-nio-8080-exec-1] DEBUG r.i.ithub_space.service.UserService - Загрузка пользователя по email: aaa@rnd.ru
2026-06-17 14:37:20 [http-nio-8080-exec-4] DEBUG r.i.ithub_space.service.UserService - Загрузка пользователя по email: aaa@rnd.ru
2026-06-17 14:37:21 [http-nio-8080-exec-3] DEBUG r.i.ithub_space.service.UserService - Загрузка пользователя по email: aaa@rnd.ru
2026-06-17 14:37:22 [http-nio-8080-exec-5] DEBUG r.i.ithub_space.service.UserService - Загрузка пользователя по email: aaa@rnd.ru
2026-06-17 14:37:31 [http-nio-8080-exec-10] DEBUG r.i.ithub_space.service.UserService - Загрузка пользователя по email: aaa@rnd.ru
2026-06-17 14:37:31 [http-nio-8080-exec-10] DEBUG r.i.ithub_space.service.EventService - Получено мероприятий: 5
2026-06-17 14:37:50 [http-nio-8080-exec-9] DEBUG r.i.ithub_space.service.UserService - Загрузка пользователя по email: aaa@rnd.ru
2026-06-17 14:37:50 [http-nio-8080-exec-7] DEBUG r.i.ithub_space.service.UserService - Загрузка пользователя по email: aaa@rnd.ru
2026-06-17 14:37:50 [http-nio-8080-exec-6] DEBUG r.i.ithub_space.service.UserService - Загрузка пользователя по email: aaa@rnd.ru
2026-06-17 14:37:50 [http-nio-8080-exec-8] DEBUG r.i.ithub_space.service.UserService - Загрузка пользователя по email: aaa@rnd.ru
2026-06-17 14:37:50 [http-nio-8080-exec-9] DEBUG r.i.ithub_space.service.EventService - Получено мероприятий: 5
2026-06-17 17:21:38 [HikariPool-1:housekeeper] WARN  com.zaxxer.hikari.pool.HikariPool - HikariPool-1 - Thread starvation or clock leap detected (housekeeper delta=2h31m9s273ms167µs600ns).
